[2025-06-27T21:48:38.861+0000] {local_task_job_runner.py:123} INFO - ::group::Pre task execution logs
[2025-06-27T21:48:38.930+0000] {taskinstance.py:2612} INFO - Dependencies all met for dep_context=non-requeueable deps ti=<TaskInstance: lead_data_pipeline.run_dbt_staging manual__2025-06-27T21:48:22.782715+00:00 [queued]>
[2025-06-27T21:48:38.953+0000] {taskinstance.py:2612} INFO - Dependencies all met for dep_context=requeueable deps ti=<TaskInstance: lead_data_pipeline.run_dbt_staging manual__2025-06-27T21:48:22.782715+00:00 [queued]>
[2025-06-27T21:48:38.955+0000] {taskinstance.py:2865} INFO - Starting attempt 1 of 1
[2025-06-27T21:48:38.993+0000] {taskinstance.py:2888} INFO - Executing <Task(BashOperator): run_dbt_staging> on 2025-06-27 21:48:22.782715+00:00
[2025-06-27T21:48:39.007+0000] {warnings.py:112} WARNING - /home/***/.local/lib/python3.12/site-packages/***/task/task_runner/standard_task_runner.py:70: DeprecationWarning: This process (pid=1821) is multi-threaded, use of fork() may lead to deadlocks in the child.
  pid = os.fork()

[2025-06-27T21:48:39.011+0000] {standard_task_runner.py:72} INFO - Started process 1823 to run task
[2025-06-27T21:48:39.013+0000] {standard_task_runner.py:104} INFO - Running: ['***', 'tasks', 'run', 'lead_data_pipeline', 'run_dbt_staging', 'manual__2025-06-27T21:48:22.782715+00:00', '--job-id', '111', '--raw', '--subdir', 'DAGS_FOLDER/lead_data_pipeline.py', '--cfg-path', '/tmp/tmpvq0uguak']
[2025-06-27T21:48:39.016+0000] {standard_task_runner.py:105} INFO - Job 111: Subtask run_dbt_staging
[2025-06-27T21:48:39.137+0000] {task_command.py:467} INFO - Running <TaskInstance: lead_data_pipeline.run_dbt_staging manual__2025-06-27T21:48:22.782715+00:00 [running]> on host 07f0cc5d0ca1
[2025-06-27T21:48:39.563+0000] {taskinstance.py:3131} INFO - Exporting env vars: AIRFLOW_CTX_DAG_OWNER='***' AIRFLOW_CTX_DAG_ID='lead_data_pipeline' AIRFLOW_CTX_TASK_ID='run_dbt_staging' AIRFLOW_CTX_EXECUTION_DATE='2025-06-27T21:48:22.782715+00:00' AIRFLOW_CTX_TRY_NUMBER='1' AIRFLOW_CTX_DAG_RUN_ID='manual__2025-06-27T21:48:22.782715+00:00'
[2025-06-27T21:48:39.567+0000] {taskinstance.py:731} INFO - ::endgroup::
[2025-06-27T21:48:39.612+0000] {subprocess.py:63} INFO - Tmp dir root location: /tmp
[2025-06-27T21:48:39.615+0000] {subprocess.py:75} INFO - Running command: ['/usr/bin/bash', '-c', 'set -x; cd /opt/***/dbt && dbt run --select tag:staging']
[2025-06-27T21:48:39.648+0000] {subprocess.py:86} INFO - Output:
[2025-06-27T21:48:39.650+0000] {subprocess.py:93} INFO - + cd /opt/***/dbt
[2025-06-27T21:48:39.651+0000] {subprocess.py:93} INFO - + dbt run --select tag:staging
[2025-06-27T21:48:45.536+0000] {subprocess.py:93} INFO - [0m21:48:45  Running with dbt=1.8.0
[2025-06-27T21:48:46.275+0000] {subprocess.py:93} INFO - [0m21:48:46  Registered adapter: postgres=1.8.2
[2025-06-27T21:48:47.632+0000] {subprocess.py:93} INFO - [0m21:48:47  Found 9 models, 10 sources, 428 macros
[2025-06-27T21:48:47.643+0000] {subprocess.py:93} INFO - [0m21:48:47
[2025-06-27T21:48:48.043+0000] {subprocess.py:93} INFO - [0m21:48:48  Concurrency: 1 threads (target='dev')
[2025-06-27T21:48:48.045+0000] {subprocess.py:93} INFO - [0m21:48:48
[2025-06-27T21:48:48.070+0000] {subprocess.py:93} INFO - [0m21:48:48  1 of 5 START sql table model driven_staging.dim_address ........................ [RUN]
[2025-06-27T21:48:48.423+0000] {subprocess.py:93} INFO - [0m21:48:48  1 of 5 OK created sql table model driven_staging.dim_address ................... [[32mSELECT 790[0m in 0.34s]
[2025-06-27T21:48:48.435+0000] {subprocess.py:93} INFO - [0m21:48:48  2 of 5 START sql table model driven_staging.dim_date ........................... [RUN]
[2025-06-27T21:48:48.589+0000] {subprocess.py:93} INFO - [0m21:48:48  2 of 5 OK created sql table model driven_staging.dim_date ...................... [[32mSELECT 790[0m in 0.15s]
[2025-06-27T21:48:48.597+0000] {subprocess.py:93} INFO - [0m21:48:48  3 of 5 START sql table model driven_staging.dim_finance ........................ [RUN]
[2025-06-27T21:48:48.740+0000] {subprocess.py:93} INFO - [0m21:48:48  3 of 5 OK created sql table model driven_staging.dim_finance ................... [[32mSELECT 790[0m in 0.14s]
[2025-06-27T21:48:48.749+0000] {subprocess.py:93} INFO - [0m21:48:48  4 of 5 START sql table model driven_staging.dim_person ......................... [RUN]
[2025-06-27T21:48:48.885+0000] {subprocess.py:93} INFO - [0m21:48:48  4 of 5 OK created sql table model driven_staging.dim_person .................... [[32mSELECT 790[0m in 0.13s]
[2025-06-27T21:48:48.892+0000] {subprocess.py:93} INFO - [0m21:48:48  5 of 5 START sql table model driven_staging.fact_network_usage ................. [RUN]
[2025-06-27T21:48:49.001+0000] {subprocess.py:93} INFO - [0m21:48:49  5 of 5 OK created sql table model driven_staging.fact_network_usage ............ [[32mSELECT 790[0m in 0.11s]
[2025-06-27T21:48:49.051+0000] {subprocess.py:93} INFO - [0m21:48:49
[2025-06-27T21:48:49.054+0000] {subprocess.py:93} INFO - [0m21:48:49  Finished running 5 table models in 0 hours 0 minutes and 1.41 seconds (1.41s).
[2025-06-27T21:48:49.281+0000] {subprocess.py:93} INFO - [0m21:48:49
[2025-06-27T21:48:49.285+0000] {subprocess.py:93} INFO - [0m21:48:49  [32mCompleted successfully[0m
[2025-06-27T21:48:49.288+0000] {subprocess.py:93} INFO - [0m21:48:49
[2025-06-27T21:48:49.292+0000] {subprocess.py:93} INFO - [0m21:48:49  Done. PASS=5 WARN=0 ERROR=0 SKIP=0 TOTAL=5
[2025-06-27T21:48:50.874+0000] {subprocess.py:97} INFO - Command exited with return code 0
[2025-06-27T21:48:50.968+0000] {taskinstance.py:340} INFO - ::group::Post task execution logs
[2025-06-27T21:48:50.975+0000] {taskinstance.py:352} INFO - Marking task as SUCCESS. dag_id=lead_data_pipeline, task_id=run_dbt_staging, run_id=manual__2025-06-27T21:48:22.782715+00:00, execution_date=20250627T214822, start_date=20250627T214838, end_date=20250627T214850
[2025-06-27T21:48:51.033+0000] {local_task_job_runner.py:266} INFO - Task exited with return code 0
[2025-06-27T21:48:51.119+0000] {taskinstance.py:3900} INFO - 1 downstream tasks scheduled from follow-on schedule check
[2025-06-27T21:48:51.125+0000] {local_task_job_runner.py:245} INFO - ::endgroup::
