[2025-06-27T21:26:26.650+0000] {local_task_job_runner.py:123} INFO - ::group::Pre task execution logs
[2025-06-27T21:26:26.694+0000] {taskinstance.py:2612} INFO - Dependencies all met for dep_context=non-requeueable deps ti=<TaskInstance: lead_data_pipeline.run_dbt_staging manual__2025-06-27T21:26:11.465552+00:00 [queued]>
[2025-06-27T21:26:26.717+0000] {taskinstance.py:2612} INFO - Dependencies all met for dep_context=requeueable deps ti=<TaskInstance: lead_data_pipeline.run_dbt_staging manual__2025-06-27T21:26:11.465552+00:00 [queued]>
[2025-06-27T21:26:26.718+0000] {taskinstance.py:2865} INFO - Starting attempt 1 of 1
[2025-06-27T21:26:26.754+0000] {taskinstance.py:2888} INFO - Executing <Task(BashOperator): run_dbt_staging> on 2025-06-27 21:26:11.465552+00:00
[2025-06-27T21:26:26.767+0000] {warnings.py:112} WARNING - /home/***/.local/lib/python3.12/site-packages/***/task/task_runner/standard_task_runner.py:70: DeprecationWarning: This process (pid=1347) is multi-threaded, use of fork() may lead to deadlocks in the child.
  pid = os.fork()

[2025-06-27T21:26:26.772+0000] {standard_task_runner.py:72} INFO - Started process 1349 to run task
[2025-06-27T21:26:26.772+0000] {standard_task_runner.py:104} INFO - Running: ['***', 'tasks', 'run', 'lead_data_pipeline', 'run_dbt_staging', 'manual__2025-06-27T21:26:11.465552+00:00', '--job-id', '78', '--raw', '--subdir', 'DAGS_FOLDER/lead_data_pipeline.py', '--cfg-path', '/tmp/tmpbwq6zhl4']
[2025-06-27T21:26:26.775+0000] {standard_task_runner.py:105} INFO - Job 78: Subtask run_dbt_staging
[2025-06-27T21:26:26.890+0000] {task_command.py:467} INFO - Running <TaskInstance: lead_data_pipeline.run_dbt_staging manual__2025-06-27T21:26:11.465552+00:00 [running]> on host 07f0cc5d0ca1
[2025-06-27T21:26:27.137+0000] {taskinstance.py:3131} INFO - Exporting env vars: AIRFLOW_CTX_DAG_OWNER='***' AIRFLOW_CTX_DAG_ID='lead_data_pipeline' AIRFLOW_CTX_TASK_ID='run_dbt_staging' AIRFLOW_CTX_EXECUTION_DATE='2025-06-27T21:26:11.465552+00:00' AIRFLOW_CTX_TRY_NUMBER='1' AIRFLOW_CTX_DAG_RUN_ID='manual__2025-06-27T21:26:11.465552+00:00'
[2025-06-27T21:26:27.139+0000] {taskinstance.py:731} INFO - ::endgroup::
[2025-06-27T21:26:27.174+0000] {subprocess.py:63} INFO - Tmp dir root location: /tmp
[2025-06-27T21:26:27.177+0000] {subprocess.py:75} INFO - Running command: ['/usr/bin/bash', '-c', 'set -x; cd /opt/***/dbt && dbt run --select tag:staging']
[2025-06-27T21:26:27.196+0000] {subprocess.py:86} INFO - Output:
[2025-06-27T21:26:27.222+0000] {subprocess.py:93} INFO - + cd /opt/***/dbt
[2025-06-27T21:26:27.225+0000] {subprocess.py:93} INFO - + dbt run --select tag:staging
[2025-06-27T21:26:37.525+0000] {subprocess.py:93} INFO - [0m21:26:37  Running with dbt=1.8.0
[2025-06-27T21:26:38.287+0000] {subprocess.py:93} INFO - [0m21:26:38  Registered adapter: postgres=1.8.2
[2025-06-27T21:26:39.681+0000] {subprocess.py:93} INFO - [0m21:26:39  Found 9 models, 10 sources, 428 macros
[2025-06-27T21:26:39.708+0000] {subprocess.py:93} INFO - [0m21:26:39
[2025-06-27T21:26:40.573+0000] {subprocess.py:93} INFO - [0m21:26:40  Concurrency: 1 threads (target='dev')
[2025-06-27T21:26:40.587+0000] {subprocess.py:93} INFO - [0m21:26:40
[2025-06-27T21:26:40.620+0000] {subprocess.py:93} INFO - [0m21:26:40  1 of 5 START sql table model driven_staging.dim_address ........................ [RUN]
[2025-06-27T21:26:41.027+0000] {subprocess.py:93} INFO - [0m21:26:41  1 of 5 ERROR creating sql table model driven_staging.dim_address ............... [[31mERROR[0m in 0.40s]
[2025-06-27T21:26:41.038+0000] {subprocess.py:93} INFO - [0m21:26:41  2 of 5 START sql table model driven_staging.dim_date ........................... [RUN]
[2025-06-27T21:26:41.516+0000] {subprocess.py:93} INFO - [0m21:26:41  2 of 5 ERROR creating sql table model driven_staging.dim_date .................. [[31mERROR[0m in 0.47s]
[2025-06-27T21:26:41.528+0000] {subprocess.py:93} INFO - [0m21:26:41  3 of 5 START sql table model driven_staging.dim_finance ........................ [RUN]
[2025-06-27T21:26:41.761+0000] {subprocess.py:93} INFO - [0m21:26:41  3 of 5 ERROR creating sql table model driven_staging.dim_finance ............... [[31mERROR[0m in 0.22s]
[2025-06-27T21:26:41.779+0000] {subprocess.py:93} INFO - [0m21:26:41  4 of 5 START sql table model driven_staging.dim_person ......................... [RUN]
[2025-06-27T21:26:41.994+0000] {subprocess.py:93} INFO - [0m21:26:41  4 of 5 ERROR creating sql table model driven_staging.dim_person ................ [[31mERROR[0m in 0.21s]
[2025-06-27T21:26:42.003+0000] {subprocess.py:93} INFO - [0m21:26:42  5 of 5 START sql table model driven_staging.fact_network_usage ................. [RUN]
[2025-06-27T21:26:42.205+0000] {subprocess.py:93} INFO - [0m21:26:42  5 of 5 ERROR creating sql table model driven_staging.fact_network_usage ........ [[31mERROR[0m in 0.19s]
[2025-06-27T21:26:42.266+0000] {subprocess.py:93} INFO - [0m21:26:42
[2025-06-27T21:26:42.268+0000] {subprocess.py:93} INFO - [0m21:26:42  Finished running 5 table models in 0 hours 0 minutes and 2.56 seconds (2.56s).
[2025-06-27T21:26:42.413+0000] {subprocess.py:93} INFO - [0m21:26:42
[2025-06-27T21:26:42.415+0000] {subprocess.py:93} INFO - [0m21:26:42  [31mCompleted with 5 errors and 0 warnings:[0m
[2025-06-27T21:26:42.417+0000] {subprocess.py:93} INFO - [0m21:26:42
[2025-06-27T21:26:42.423+0000] {subprocess.py:93} INFO - [0m21:26:42    Database Error in model staging_dim_address (models/staging_dim_address.sql)
[2025-06-27T21:26:42.425+0000] {subprocess.py:93} INFO -   relation "driven_raw.raw_batch_data" does not exist
[2025-06-27T21:26:42.426+0000] {subprocess.py:93} INFO -   LINE 21:         "***"."driven_raw"."raw_batch_data"
[2025-06-27T21:26:42.427+0000] {subprocess.py:93} INFO -                    ^
[2025-06-27T21:26:42.428+0000] {subprocess.py:93} INFO -   compiled code at target/run/dbt_driven_data/models/staging_dim_address.sql
[2025-06-27T21:26:42.430+0000] {subprocess.py:93} INFO - [0m21:26:42
[2025-06-27T21:26:42.431+0000] {subprocess.py:93} INFO - [0m21:26:42    Database Error in model staging_dim_date (models/staging_dim_date.sql)
[2025-06-27T21:26:42.432+0000] {subprocess.py:93} INFO -   relation "driven_raw.raw_batch_data" does not exist
[2025-06-27T21:26:42.433+0000] {subprocess.py:93} INFO -   LINE 19:         "***"."driven_raw"."raw_batch_data"
[2025-06-27T21:26:42.434+0000] {subprocess.py:93} INFO -                    ^
[2025-06-27T21:26:42.435+0000] {subprocess.py:93} INFO -   compiled code at target/run/dbt_driven_data/models/staging_dim_date.sql
[2025-06-27T21:26:42.436+0000] {subprocess.py:93} INFO - [0m21:26:42
[2025-06-27T21:26:42.438+0000] {subprocess.py:93} INFO - [0m21:26:42    Database Error in model staging_dim_finance (models/staging_dim_finance.sql)
[2025-06-27T21:26:42.439+0000] {subprocess.py:93} INFO -   relation "driven_raw.raw_batch_data" does not exist
[2025-06-27T21:26:42.439+0000] {subprocess.py:93} INFO -   LINE 19:         "***"."driven_raw"."raw_batch_data"
[2025-06-27T21:26:42.440+0000] {subprocess.py:93} INFO -                    ^
[2025-06-27T21:26:42.441+0000] {subprocess.py:93} INFO -   compiled code at target/run/dbt_driven_data/models/staging_dim_finance.sql
[2025-06-27T21:26:42.441+0000] {subprocess.py:93} INFO - [0m21:26:42
[2025-06-27T21:26:42.442+0000] {subprocess.py:93} INFO - [0m21:26:42    Database Error in model staging_dim_person (models/staging_dim_person.sql)
[2025-06-27T21:26:42.443+0000] {subprocess.py:93} INFO -   relation "driven_raw.raw_batch_data" does not exist
[2025-06-27T21:26:42.444+0000] {subprocess.py:93} INFO -   LINE 24:         "***"."driven_raw"."raw_batch_data"
[2025-06-27T21:26:42.446+0000] {subprocess.py:93} INFO -                    ^
[2025-06-27T21:26:42.447+0000] {subprocess.py:93} INFO -   compiled code at target/run/dbt_driven_data/models/staging_dim_person.sql
[2025-06-27T21:26:42.449+0000] {subprocess.py:93} INFO - [0m21:26:42
[2025-06-27T21:26:42.450+0000] {subprocess.py:93} INFO - [0m21:26:42    Database Error in model staging_fact_network_usage (models/staging_fact_network_usage.sql)
[2025-06-27T21:26:42.451+0000] {subprocess.py:93} INFO -   relation "driven_raw.raw_batch_data" does not exist
[2025-06-27T21:26:42.453+0000] {subprocess.py:93} INFO -   LINE 22:         "***"."driven_raw"."raw_batch_data"
[2025-06-27T21:26:42.454+0000] {subprocess.py:93} INFO -                    ^
[2025-06-27T21:26:42.455+0000] {subprocess.py:93} INFO -   compiled code at target/run/dbt_driven_data/models/staging_fact_network_usage.sql
[2025-06-27T21:26:42.456+0000] {subprocess.py:93} INFO - [0m21:26:42
[2025-06-27T21:26:42.457+0000] {subprocess.py:93} INFO - [0m21:26:42  Done. PASS=0 WARN=0 ERROR=5 SKIP=0 TOTAL=5
[2025-06-27T21:26:43.726+0000] {subprocess.py:97} INFO - Command exited with return code 1
[2025-06-27T21:26:43.761+0000] {taskinstance.py:3310} ERROR - Task failed with exception
Traceback (most recent call last):
  File "/home/airflow/.local/lib/python3.12/site-packages/airflow/models/taskinstance.py", line 767, in _execute_task
    result = _execute_callable(context=context, **execute_callable_kwargs)
             ^^^^^^^^^^^^^^^^^^^^^^^^^^^^^^^^^^^^^^^^^^^^^^^^^^^^^^^^^^^^^
  File "/home/airflow/.local/lib/python3.12/site-packages/airflow/models/taskinstance.py", line 733, in _execute_callable
    return ExecutionCallableRunner(
           ^^^^^^^^^^^^^^^^^^^^^^^^
  File "/home/airflow/.local/lib/python3.12/site-packages/airflow/utils/operator_helpers.py", line 252, in run
    return self.func(*args, **kwargs)
           ^^^^^^^^^^^^^^^^^^^^^^^^^^
  File "/home/airflow/.local/lib/python3.12/site-packages/airflow/models/baseoperator.py", line 406, in wrapper
    return func(self, *args, **kwargs)
           ^^^^^^^^^^^^^^^^^^^^^^^^^^^
  File "/home/airflow/.local/lib/python3.12/site-packages/airflow/operators/bash.py", line 249, in execute
    raise AirflowException(
airflow.exceptions.AirflowException: Bash command failed. The command returned a non-zero exit code 1.
[2025-06-27T21:26:43.782+0000] {taskinstance.py:1225} INFO - Marking task as FAILED. dag_id=lead_data_pipeline, task_id=run_dbt_staging, run_id=manual__2025-06-27T21:26:11.465552+00:00, execution_date=20250627T212611, start_date=20250627T212626, end_date=20250627T212643
[2025-06-27T21:26:43.808+0000] {taskinstance.py:340} INFO - ::group::Post task execution logs
[2025-06-27T21:26:43.810+0000] {standard_task_runner.py:124} ERROR - Failed to execute job 78 for task run_dbt_staging (Bash command failed. The command returned a non-zero exit code 1.; 1349)
Traceback (most recent call last):
  File "/home/airflow/.local/lib/python3.12/site-packages/airflow/task/task_runner/standard_task_runner.py", line 117, in _start_by_fork
    ret = args.func(args, dag=self.dag)
          ^^^^^^^^^^^^^^^^^^^^^^^^^^^^^
  File "/home/airflow/.local/lib/python3.12/site-packages/airflow/cli/cli_config.py", line 49, in command
    return func(*args, **kwargs)
           ^^^^^^^^^^^^^^^^^^^^^
  File "/home/airflow/.local/lib/python3.12/site-packages/airflow/utils/cli.py", line 115, in wrapper
    return f(*args, **kwargs)
           ^^^^^^^^^^^^^^^^^^
  File "/home/airflow/.local/lib/python3.12/site-packages/airflow/cli/commands/task_command.py", line 483, in task_run
    task_return_code = _run_task_by_selected_method(args, _dag, ti)
                       ^^^^^^^^^^^^^^^^^^^^^^^^^^^^^^^^^^^^^^^^^^^^
  File "/home/airflow/.local/lib/python3.12/site-packages/airflow/cli/commands/task_command.py", line 256, in _run_task_by_selected_method
    return _run_raw_task(args, ti)
           ^^^^^^^^^^^^^^^^^^^^^^^
  File "/home/airflow/.local/lib/python3.12/site-packages/airflow/cli/commands/task_command.py", line 341, in _run_raw_task
    return ti._run_raw_task(
           ^^^^^^^^^^^^^^^^^
  File "/home/airflow/.local/lib/python3.12/site-packages/airflow/utils/session.py", line 97, in wrapper
    return func(*args, session=session, **kwargs)
           ^^^^^^^^^^^^^^^^^^^^^^^^^^^^^^^^^^^^^^
  File "/home/airflow/.local/lib/python3.12/site-packages/airflow/models/taskinstance.py", line 3004, in _run_raw_task
    return _run_raw_task(
           ^^^^^^^^^^^^^^
  File "/home/airflow/.local/lib/python3.12/site-packages/airflow/models/taskinstance.py", line 273, in _run_raw_task
    TaskInstance._execute_task_with_callbacks(
  File "/home/airflow/.local/lib/python3.12/site-packages/airflow/models/taskinstance.py", line 3158, in _execute_task_with_callbacks
    result = self._execute_task(context, task_orig)
             ^^^^^^^^^^^^^^^^^^^^^^^^^^^^^^^^^^^^^^
  File "/home/airflow/.local/lib/python3.12/site-packages/airflow/models/taskinstance.py", line 3182, in _execute_task
    return _execute_task(self, context, task_orig)
           ^^^^^^^^^^^^^^^^^^^^^^^^^^^^^^^^^^^^^^^
  File "/home/airflow/.local/lib/python3.12/site-packages/airflow/models/taskinstance.py", line 767, in _execute_task
    result = _execute_callable(context=context, **execute_callable_kwargs)
             ^^^^^^^^^^^^^^^^^^^^^^^^^^^^^^^^^^^^^^^^^^^^^^^^^^^^^^^^^^^^^
  File "/home/airflow/.local/lib/python3.12/site-packages/airflow/models/taskinstance.py", line 733, in _execute_callable
    return ExecutionCallableRunner(
           ^^^^^^^^^^^^^^^^^^^^^^^^
  File "/home/airflow/.local/lib/python3.12/site-packages/airflow/utils/operator_helpers.py", line 252, in run
    return self.func(*args, **kwargs)
           ^^^^^^^^^^^^^^^^^^^^^^^^^^
  File "/home/airflow/.local/lib/python3.12/site-packages/airflow/models/baseoperator.py", line 406, in wrapper
    return func(self, *args, **kwargs)
           ^^^^^^^^^^^^^^^^^^^^^^^^^^^
  File "/home/airflow/.local/lib/python3.12/site-packages/airflow/operators/bash.py", line 249, in execute
    raise AirflowException(
airflow.exceptions.AirflowException: Bash command failed. The command returned a non-zero exit code 1.
[2025-06-27T21:26:43.872+0000] {local_task_job_runner.py:266} INFO - Task exited with return code 1
[2025-06-27T21:26:43.915+0000] {taskinstance.py:3900} INFO - 0 downstream tasks scheduled from follow-on schedule check
[2025-06-27T21:26:43.924+0000] {local_task_job_runner.py:245} INFO - ::endgroup::
