[2025-06-27T21:26:15.238+0000] {local_task_job_runner.py:123} INFO - ::group::Pre task execution logs
[2025-06-27T21:26:15.285+0000] {taskinstance.py:2612} INFO - Dependencies all met for dep_context=non-requeueable deps ti=<TaskInstance: lead_data_pipeline.extract_raw_data manual__2025-06-27T21:26:11.465552+00:00 [queued]>
[2025-06-27T21:26:15.311+0000] {taskinstance.py:2612} INFO - Dependencies all met for dep_context=requeueable deps ti=<TaskInstance: lead_data_pipeline.extract_raw_data manual__2025-06-27T21:26:11.465552+00:00 [queued]>
[2025-06-27T21:26:15.312+0000] {taskinstance.py:2865} INFO - Starting attempt 1 of 1
[2025-06-27T21:26:15.352+0000] {taskinstance.py:2888} INFO - Executing <Task(PythonOperator): extract_raw_data> on 2025-06-27 21:26:11.465552+00:00
[2025-06-27T21:26:15.370+0000] {warnings.py:112} WARNING - /home/***/.local/lib/python3.12/site-packages/***/task/task_runner/standard_task_runner.py:70: DeprecationWarning: This process (pid=1328) is multi-threaded, use of fork() may lead to deadlocks in the child.
  pid = os.fork()

[2025-06-27T21:26:15.374+0000] {standard_task_runner.py:104} INFO - Running: ['***', 'tasks', 'run', 'lead_data_pipeline', 'extract_raw_data', 'manual__2025-06-27T21:26:11.465552+00:00', '--job-id', '75', '--raw', '--subdir', 'DAGS_FOLDER/lead_data_pipeline.py', '--cfg-path', '/tmp/tmpxu2xdjpj']
[2025-06-27T21:26:15.377+0000] {standard_task_runner.py:105} INFO - Job 75: Subtask extract_raw_data
[2025-06-27T21:26:15.377+0000] {standard_task_runner.py:72} INFO - Started process 1333 to run task
[2025-06-27T21:26:15.492+0000] {task_command.py:467} INFO - Running <TaskInstance: lead_data_pipeline.extract_raw_data manual__2025-06-27T21:26:11.465552+00:00 [running]> on host 07f0cc5d0ca1
[2025-06-27T21:26:15.705+0000] {taskinstance.py:3131} INFO - Exporting env vars: AIRFLOW_CTX_DAG_OWNER='***' AIRFLOW_CTX_DAG_ID='lead_data_pipeline' AIRFLOW_CTX_TASK_ID='extract_raw_data' AIRFLOW_CTX_EXECUTION_DATE='2025-06-27T21:26:11.465552+00:00' AIRFLOW_CTX_TRY_NUMBER='1' AIRFLOW_CTX_DAG_RUN_ID='manual__2025-06-27T21:26:11.465552+00:00'
[2025-06-27T21:26:15.708+0000] {taskinstance.py:731} INFO - ::endgroup::
[2025-06-27T21:26:15.759+0000] {lead_data_pipeline.py:106} INFO - Started batch processing for 2025-06-27.
[2025-06-27T21:26:15.760+0000] {lead_data_pipeline.py:25} INFO - Created synthetic data for RO country code.
[2025-06-27T21:26:16.204+0000] {lead_data_pipeline.py:72} INFO - Written 125 records to the CSV file.
[2025-06-27T21:26:16.296+0000] {lead_data_pipeline.py:89} INFO - Added UUID to the dataset.
[2025-06-27T21:26:16.322+0000] {lead_data_pipeline.py:102} INFO - Updated accessed timestamp.
[2025-06-27T21:26:16.327+0000] {lead_data_pipeline.py:110} INFO - Finished batch processing 2025-06-27.
[2025-06-27T21:26:16.330+0000] {python.py:240} INFO - Done. Returned value was: None
[2025-06-27T21:26:16.361+0000] {taskinstance.py:340} INFO - ::group::Post task execution logs
[2025-06-27T21:26:16.363+0000] {taskinstance.py:352} INFO - Marking task as SUCCESS. dag_id=lead_data_pipeline, task_id=extract_raw_data, run_id=manual__2025-06-27T21:26:11.465552+00:00, execution_date=20250627T212611, start_date=20250627T212615, end_date=20250627T212616
[2025-06-27T21:26:16.451+0000] {local_task_job_runner.py:266} INFO - Task exited with return code 0
[2025-06-27T21:26:16.625+0000] {taskinstance.py:3900} INFO - 0 downstream tasks scheduled from follow-on schedule check
[2025-06-27T21:26:16.633+0000] {local_task_job_runner.py:245} INFO - ::endgroup::
