[2025-06-27T21:36:30.933+0000] {local_task_job_runner.py:123} INFO - ::group::Pre task execution logs
[2025-06-27T21:36:31.066+0000] {taskinstance.py:2612} INFO - Dependencies all met for dep_context=non-requeueable deps ti=<TaskInstance: lead_data_pipeline.create_raw_schema manual__2025-06-27T21:36:20.256007+00:00 [queued]>
[2025-06-27T21:36:31.111+0000] {taskinstance.py:2612} INFO - Dependencies all met for dep_context=requeueable deps ti=<TaskInstance: lead_data_pipeline.create_raw_schema manual__2025-06-27T21:36:20.256007+00:00 [queued]>
[2025-06-27T21:36:31.144+0000] {taskinstance.py:2865} INFO - Starting attempt 1 of 1
[2025-06-27T21:36:31.371+0000] {taskinstance.py:2888} INFO - Executing <Task(SQLExecuteQueryOperator): create_raw_schema> on 2025-06-27 21:36:20.256007+00:00
[2025-06-27T21:36:31.517+0000] {warnings.py:112} WARNING - /home/***/.local/lib/python3.12/site-packages/***/task/task_runner/standard_task_runner.py:70: DeprecationWarning: This process (pid=1556) is multi-threaded, use of fork() may lead to deadlocks in the child.
  pid = os.fork()

[2025-06-27T21:36:31.534+0000] {standard_task_runner.py:72} INFO - Started process 1559 to run task
[2025-06-27T21:36:31.775+0000] {standard_task_runner.py:104} INFO - Running: ['***', 'tasks', 'run', 'lead_data_pipeline', 'create_raw_schema', 'manual__2025-06-27T21:36:20.256007+00:00', '--job-id', '92', '--raw', '--subdir', 'DAGS_FOLDER/lead_data_pipeline.py', '--cfg-path', '/tmp/tmpzf4ns2ze']
[2025-06-27T21:36:31.782+0000] {standard_task_runner.py:105} INFO - Job 92: Subtask create_raw_schema
[2025-06-27T21:36:32.030+0000] {task_command.py:467} INFO - Running <TaskInstance: lead_data_pipeline.create_raw_schema manual__2025-06-27T21:36:20.256007+00:00 [running]> on host 07f0cc5d0ca1
[2025-06-27T21:36:32.346+0000] {taskinstance.py:3131} INFO - Exporting env vars: AIRFLOW_CTX_DAG_OWNER='***' AIRFLOW_CTX_DAG_ID='lead_data_pipeline' AIRFLOW_CTX_TASK_ID='create_raw_schema' AIRFLOW_CTX_EXECUTION_DATE='2025-06-27T21:36:20.256007+00:00' AIRFLOW_CTX_TRY_NUMBER='1' AIRFLOW_CTX_DAG_RUN_ID='manual__2025-06-27T21:36:20.256007+00:00'
[2025-06-27T21:36:32.354+0000] {taskinstance.py:731} INFO - ::endgroup::
[2025-06-27T21:36:32.424+0000] {sql.py:266} INFO - Executing: CREATE SCHEMA IF NOT EXISTS lead_raw;
[2025-06-27T21:36:32.455+0000] {base.py:84} INFO - Retrieving connection 'postgres_conn'
[2025-06-27T21:36:32.496+0000] {base.py:84} INFO - Retrieving connection 'postgres_conn'
[2025-06-27T21:36:32.528+0000] {sql.py:509} INFO - Running statement: CREATE SCHEMA IF NOT EXISTS lead_raw;, parameters: None
[2025-06-27T21:36:32.595+0000] {taskinstance.py:340} INFO - ::group::Post task execution logs
[2025-06-27T21:36:32.634+0000] {taskinstance.py:352} INFO - Marking task as SUCCESS. dag_id=lead_data_pipeline, task_id=create_raw_schema, run_id=manual__2025-06-27T21:36:20.256007+00:00, execution_date=20250627T213620, start_date=20250627T213631, end_date=20250627T213632
[2025-06-27T21:36:32.797+0000] {local_task_job_runner.py:266} INFO - Task exited with return code 0
[2025-06-27T21:36:32.967+0000] {taskinstance.py:3900} INFO - 0 downstream tasks scheduled from follow-on schedule check
[2025-06-27T21:36:32.972+0000] {local_task_job_runner.py:245} INFO - ::endgroup::
