[2025-06-27T21:07:52.287+0000] {local_task_job_runner.py:123} INFO - ::group::Pre task execution logs
[2025-06-27T21:07:52.427+0000] {taskinstance.py:2612} INFO - Dependencies all met for dep_context=non-requeueable deps ti=<TaskInstance: lead_data_pipeline.extract_raw_data manual__2025-06-27T21:07:47.628376+00:00 [queued]>
[2025-06-27T21:07:52.463+0000] {taskinstance.py:2612} INFO - Dependencies all met for dep_context=requeueable deps ti=<TaskInstance: lead_data_pipeline.extract_raw_data manual__2025-06-27T21:07:47.628376+00:00 [queued]>
[2025-06-27T21:07:52.477+0000] {taskinstance.py:2865} INFO - Starting attempt 1 of 1
[2025-06-27T21:07:52.539+0000] {taskinstance.py:2888} INFO - Executing <Task(PythonOperator): extract_raw_data> on 2025-06-27 21:07:47.628376+00:00
[2025-06-27T21:07:52.557+0000] {warnings.py:112} WARNING - /home/***/.local/lib/python3.12/site-packages/***/task/task_runner/standard_task_runner.py:70: DeprecationWarning: This process (pid=1068) is multi-threaded, use of fork() may lead to deadlocks in the child.
  pid = os.fork()

[2025-06-27T21:07:52.565+0000] {standard_task_runner.py:72} INFO - Started process 1078 to run task
[2025-06-27T21:07:52.585+0000] {standard_task_runner.py:104} INFO - Running: ['***', 'tasks', 'run', 'lead_data_pipeline', 'extract_raw_data', 'manual__2025-06-27T21:07:47.628376+00:00', '--job-id', '69', '--raw', '--subdir', 'DAGS_FOLDER/lead_data_pipeline.py', '--cfg-path', '/tmp/tmp_e4_dx9a']
[2025-06-27T21:07:52.588+0000] {standard_task_runner.py:105} INFO - Job 69: Subtask extract_raw_data
[2025-06-27T21:07:52.789+0000] {task_command.py:467} INFO - Running <TaskInstance: lead_data_pipeline.extract_raw_data manual__2025-06-27T21:07:47.628376+00:00 [running]> on host 07f0cc5d0ca1
[2025-06-27T21:07:53.038+0000] {taskinstance.py:3131} INFO - Exporting env vars: AIRFLOW_CTX_DAG_OWNER='***' AIRFLOW_CTX_DAG_ID='lead_data_pipeline' AIRFLOW_CTX_TASK_ID='extract_raw_data' AIRFLOW_CTX_EXECUTION_DATE='2025-06-27T21:07:47.628376+00:00' AIRFLOW_CTX_TRY_NUMBER='1' AIRFLOW_CTX_DAG_RUN_ID='manual__2025-06-27T21:07:47.628376+00:00'
[2025-06-27T21:07:53.042+0000] {taskinstance.py:731} INFO - ::endgroup::
[2025-06-27T21:07:53.081+0000] {lead_data_pipeline.py:106} INFO - Started batch processing for 2025-06-27.
[2025-06-27T21:07:53.083+0000] {lead_data_pipeline.py:25} INFO - Created synthetic data for RO country code.
[2025-06-27T21:07:54.221+0000] {lead_data_pipeline.py:72} INFO - Written 798 records to the CSV file.
[2025-06-27T21:07:54.336+0000] {lead_data_pipeline.py:89} INFO - Added UUID to the dataset.
[2025-06-27T21:07:54.381+0000] {lead_data_pipeline.py:102} INFO - Updated accessed timestamp.
[2025-06-27T21:07:54.388+0000] {lead_data_pipeline.py:110} INFO - Finished batch processing 2025-06-27.
[2025-06-27T21:07:54.389+0000] {python.py:240} INFO - Done. Returned value was: None
[2025-06-27T21:07:54.436+0000] {taskinstance.py:340} INFO - ::group::Post task execution logs
[2025-06-27T21:07:54.437+0000] {taskinstance.py:352} INFO - Marking task as SUCCESS. dag_id=lead_data_pipeline, task_id=extract_raw_data, run_id=manual__2025-06-27T21:07:47.628376+00:00, execution_date=20250627T210747, start_date=20250627T210752, end_date=20250627T210754
[2025-06-27T21:07:54.535+0000] {local_task_job_runner.py:266} INFO - Task exited with return code 0
[2025-06-27T21:07:54.690+0000] {taskinstance.py:3900} INFO - 1 downstream tasks scheduled from follow-on schedule check
[2025-06-27T21:07:54.696+0000] {local_task_job_runner.py:245} INFO - ::endgroup::
