[2025-06-27T21:31:45.471+0000] {local_task_job_runner.py:123} INFO - ::group::Pre task execution logs
[2025-06-27T21:31:45.516+0000] {taskinstance.py:2612} INFO - Dependencies all met for dep_context=non-requeueable deps ti=<TaskInstance: lead_data_pipeline.run_dbt_staging manual__2025-06-27T21:31:28.890214+00:00 [queued]>
[2025-06-27T21:31:45.541+0000] {taskinstance.py:2612} INFO - Dependencies all met for dep_context=requeueable deps ti=<TaskInstance: lead_data_pipeline.run_dbt_staging manual__2025-06-27T21:31:28.890214+00:00 [queued]>
[2025-06-27T21:31:45.542+0000] {taskinstance.py:2865} INFO - Starting attempt 1 of 1
[2025-06-27T21:31:45.581+0000] {taskinstance.py:2888} INFO - Executing <Task(BashOperator): run_dbt_staging> on 2025-06-27 21:31:28.890214+00:00
[2025-06-27T21:31:45.596+0000] {warnings.py:112} WARNING - /home/***/.local/lib/python3.12/site-packages/***/task/task_runner/standard_task_runner.py:70: DeprecationWarning: This process (pid=1480) is multi-threaded, use of fork() may lead to deadlocks in the child.
  pid = os.fork()

[2025-06-27T21:31:45.599+0000] {standard_task_runner.py:72} INFO - Started process 1482 to run task
[2025-06-27T21:31:45.601+0000] {standard_task_runner.py:104} INFO - Running: ['***', 'tasks', 'run', 'lead_data_pipeline', 'run_dbt_staging', 'manual__2025-06-27T21:31:28.890214+00:00', '--job-id', '89', '--raw', '--subdir', 'DAGS_FOLDER/lead_data_pipeline.py', '--cfg-path', '/tmp/tmpaeewqaw1']
[2025-06-27T21:31:45.604+0000] {standard_task_runner.py:105} INFO - Job 89: Subtask run_dbt_staging
[2025-06-27T21:31:45.728+0000] {task_command.py:467} INFO - Running <TaskInstance: lead_data_pipeline.run_dbt_staging manual__2025-06-27T21:31:28.890214+00:00 [running]> on host 07f0cc5d0ca1
[2025-06-27T21:31:45.925+0000] {taskinstance.py:3131} INFO - Exporting env vars: AIRFLOW_CTX_DAG_OWNER='***' AIRFLOW_CTX_DAG_ID='lead_data_pipeline' AIRFLOW_CTX_TASK_ID='run_dbt_staging' AIRFLOW_CTX_EXECUTION_DATE='2025-06-27T21:31:28.890214+00:00' AIRFLOW_CTX_TRY_NUMBER='1' AIRFLOW_CTX_DAG_RUN_ID='manual__2025-06-27T21:31:28.890214+00:00'
[2025-06-27T21:31:45.928+0000] {taskinstance.py:731} INFO - ::endgroup::
[2025-06-27T21:31:46.068+0000] {subprocess.py:63} INFO - Tmp dir root location: /tmp
[2025-06-27T21:31:46.078+0000] {subprocess.py:75} INFO - Running command: ['/usr/bin/bash', '-c', 'set -x; cd /opt/***/dbt && dbt run --select tag:staging']
[2025-06-27T21:31:46.115+0000] {subprocess.py:86} INFO - Output:
[2025-06-27T21:31:46.139+0000] {subprocess.py:93} INFO - + cd /opt/***/dbt
[2025-06-27T21:31:46.141+0000] {subprocess.py:93} INFO - + dbt run --select tag:staging
[2025-06-27T21:31:51.302+0000] {subprocess.py:93} INFO - [0m21:31:51  Running with dbt=1.8.0
[2025-06-27T21:31:51.947+0000] {subprocess.py:93} INFO - [0m21:31:51  Registered adapter: postgres=1.8.2
[2025-06-27T21:31:53.073+0000] {subprocess.py:93} INFO - [0m21:31:53  Found 9 models, 10 sources, 428 macros
[2025-06-27T21:31:53.080+0000] {subprocess.py:93} INFO - [0m21:31:53
[2025-06-27T21:31:53.401+0000] {subprocess.py:93} INFO - [0m21:31:53  Concurrency: 1 threads (target='dev')
[2025-06-27T21:31:53.406+0000] {subprocess.py:93} INFO - [0m21:31:53
[2025-06-27T21:31:53.446+0000] {subprocess.py:93} INFO - [0m21:31:53  1 of 5 START sql table model driven_staging.dim_address ........................ [RUN]
[2025-06-27T21:31:53.788+0000] {subprocess.py:93} INFO - [0m21:31:53  1 of 5 OK created sql table model driven_staging.dim_address ................... [[32mSELECT 597[0m in 0.34s]
[2025-06-27T21:31:53.794+0000] {subprocess.py:93} INFO - [0m21:31:53  2 of 5 START sql table model driven_staging.dim_date ........................... [RUN]
[2025-06-27T21:31:53.909+0000] {subprocess.py:93} INFO - [0m21:31:53  2 of 5 OK created sql table model driven_staging.dim_date ...................... [[32mSELECT 597[0m in 0.11s]
[2025-06-27T21:31:53.914+0000] {subprocess.py:93} INFO - [0m21:31:53  3 of 5 START sql table model driven_staging.dim_finance ........................ [RUN]
[2025-06-27T21:31:54.014+0000] {subprocess.py:93} INFO - [0m21:31:54  3 of 5 OK created sql table model driven_staging.dim_finance ................... [[32mSELECT 597[0m in 0.09s]
[2025-06-27T21:31:54.020+0000] {subprocess.py:93} INFO - [0m21:31:54  4 of 5 START sql table model driven_staging.dim_person ......................... [RUN]
[2025-06-27T21:31:54.137+0000] {subprocess.py:93} INFO - [0m21:31:54  4 of 5 OK created sql table model driven_staging.dim_person .................... [[32mSELECT 597[0m in 0.11s]
[2025-06-27T21:31:54.142+0000] {subprocess.py:93} INFO - [0m21:31:54  5 of 5 START sql table model driven_staging.fact_network_usage ................. [RUN]
[2025-06-27T21:31:54.305+0000] {subprocess.py:93} INFO - [0m21:31:54  5 of 5 OK created sql table model driven_staging.fact_network_usage ............ [[32mSELECT 597[0m in 0.15s]
[2025-06-27T21:31:54.365+0000] {subprocess.py:93} INFO - [0m21:31:54
[2025-06-27T21:31:54.368+0000] {subprocess.py:93} INFO - [0m21:31:54  Finished running 5 table models in 0 hours 0 minutes and 1.28 seconds (1.28s).
[2025-06-27T21:31:54.509+0000] {subprocess.py:93} INFO - [0m21:31:54
[2025-06-27T21:31:54.512+0000] {subprocess.py:93} INFO - [0m21:31:54  [32mCompleted successfully[0m
[2025-06-27T21:31:54.513+0000] {subprocess.py:93} INFO - [0m21:31:54
[2025-06-27T21:31:54.515+0000] {subprocess.py:93} INFO - [0m21:31:54  Done. PASS=5 WARN=0 ERROR=0 SKIP=0 TOTAL=5
[2025-06-27T21:31:56.198+0000] {subprocess.py:97} INFO - Command exited with return code 0
[2025-06-27T21:31:56.253+0000] {taskinstance.py:340} INFO - ::group::Post task execution logs
[2025-06-27T21:31:56.254+0000] {taskinstance.py:352} INFO - Marking task as SUCCESS. dag_id=lead_data_pipeline, task_id=run_dbt_staging, run_id=manual__2025-06-27T21:31:28.890214+00:00, execution_date=20250627T213128, start_date=20250627T213145, end_date=20250627T213156
[2025-06-27T21:31:56.321+0000] {local_task_job_runner.py:266} INFO - Task exited with return code 0
[2025-06-27T21:31:56.354+0000] {taskinstance.py:3900} INFO - 1 downstream tasks scheduled from follow-on schedule check
[2025-06-27T21:31:56.357+0000] {local_task_job_runner.py:245} INFO - ::endgroup::
