[2025-06-27T21:00:52.610+0000] {local_task_job_runner.py:123} INFO - ::group::Pre task execution logs
[2025-06-27T21:00:52.680+0000] {taskinstance.py:2612} INFO - Dependencies all met for dep_context=non-requeueable deps ti=<TaskInstance: lead_data_pipeline.create_raw_schema manual__2025-06-27T21:00:48.646171+00:00 [queued]>
[2025-06-27T21:00:52.711+0000] {taskinstance.py:2612} INFO - Dependencies all met for dep_context=requeueable deps ti=<TaskInstance: lead_data_pipeline.create_raw_schema manual__2025-06-27T21:00:48.646171+00:00 [queued]>
[2025-06-27T21:00:52.713+0000] {taskinstance.py:2865} INFO - Starting attempt 1 of 1
[2025-06-27T21:00:52.787+0000] {taskinstance.py:2888} INFO - Executing <Task(SQLExecuteQueryOperator): create_raw_schema> on 2025-06-27 21:00:48.646171+00:00
[2025-06-27T21:00:52.801+0000] {warnings.py:112} WARNING - /home/***/.local/lib/python3.12/site-packages/***/task/task_runner/standard_task_runner.py:70: DeprecationWarning: This process (pid=951) is multi-threaded, use of fork() may lead to deadlocks in the child.
  pid = os.fork()

[2025-06-27T21:00:52.830+0000] {standard_task_runner.py:72} INFO - Started process 956 to run task
[2025-06-27T21:00:52.814+0000] {standard_task_runner.py:104} INFO - Running: ['***', 'tasks', 'run', 'lead_data_pipeline', 'create_raw_schema', 'manual__2025-06-27T21:00:48.646171+00:00', '--job-id', '61', '--raw', '--subdir', 'DAGS_FOLDER/lead_data_pipeline.py', '--cfg-path', '/tmp/tmptua03ll4']
[2025-06-27T21:00:52.857+0000] {standard_task_runner.py:105} INFO - Job 61: Subtask create_raw_schema
[2025-06-27T21:00:53.421+0000] {task_command.py:467} INFO - Running <TaskInstance: lead_data_pipeline.create_raw_schema manual__2025-06-27T21:00:48.646171+00:00 [running]> on host 07f0cc5d0ca1
[2025-06-27T21:00:53.687+0000] {taskinstance.py:3131} INFO - Exporting env vars: AIRFLOW_CTX_DAG_OWNER='***' AIRFLOW_CTX_DAG_ID='lead_data_pipeline' AIRFLOW_CTX_TASK_ID='create_raw_schema' AIRFLOW_CTX_EXECUTION_DATE='2025-06-27T21:00:48.646171+00:00' AIRFLOW_CTX_TRY_NUMBER='1' AIRFLOW_CTX_DAG_RUN_ID='manual__2025-06-27T21:00:48.646171+00:00'
[2025-06-27T21:00:53.692+0000] {taskinstance.py:731} INFO - ::endgroup::
[2025-06-27T21:00:53.732+0000] {sql.py:266} INFO - Executing: CREATE SCHEMA IF NOT EXISTS driven_raw;
[2025-06-27T21:00:53.765+0000] {base.py:84} INFO - Retrieving connection 'postgres_conn'
[2025-06-27T21:00:53.791+0000] {base.py:84} INFO - Retrieving connection 'postgres_conn'
[2025-06-27T21:00:53.806+0000] {sql.py:509} INFO - Running statement: CREATE SCHEMA IF NOT EXISTS driven_raw;, parameters: None
[2025-06-27T21:00:53.837+0000] {taskinstance.py:340} INFO - ::group::Post task execution logs
[2025-06-27T21:00:53.839+0000] {taskinstance.py:352} INFO - Marking task as SUCCESS. dag_id=lead_data_pipeline, task_id=create_raw_schema, run_id=manual__2025-06-27T21:00:48.646171+00:00, execution_date=20250627T210048, start_date=20250627T210052, end_date=20250627T210053
[2025-06-27T21:00:53.937+0000] {local_task_job_runner.py:266} INFO - Task exited with return code 0
[2025-06-27T21:00:54.008+0000] {taskinstance.py:3900} INFO - 0 downstream tasks scheduled from follow-on schedule check
[2025-06-27T21:00:54.013+0000] {local_task_job_runner.py:245} INFO - ::endgroup::
