[2025-06-27T21:36:40.811+0000] {local_task_job_runner.py:123} INFO - ::group::Pre task execution logs
[2025-06-27T21:36:40.844+0000] {taskinstance.py:2612} INFO - Dependencies all met for dep_context=non-requeueable deps ti=<TaskInstance: lead_data_pipeline.load_raw_data manual__2025-06-27T21:36:20.256007+00:00 [queued]>
[2025-06-27T21:36:40.867+0000] {taskinstance.py:2612} INFO - Dependencies all met for dep_context=requeueable deps ti=<TaskInstance: lead_data_pipeline.load_raw_data manual__2025-06-27T21:36:20.256007+00:00 [queued]>
[2025-06-27T21:36:40.868+0000] {taskinstance.py:2865} INFO - Starting attempt 1 of 1
[2025-06-27T21:36:40.894+0000] {taskinstance.py:2888} INFO - Executing <Task(SQLExecuteQueryOperator): load_raw_data> on 2025-06-27 21:36:20.256007+00:00
[2025-06-27T21:36:40.907+0000] {warnings.py:112} WARNING - /home/***/.local/lib/python3.12/site-packages/***/task/task_runner/standard_task_runner.py:70: DeprecationWarning: This process (pid=1571) is multi-threaded, use of fork() may lead to deadlocks in the child.
  pid = os.fork()

[2025-06-27T21:36:40.910+0000] {standard_task_runner.py:72} INFO - Started process 1573 to run task
[2025-06-27T21:36:40.911+0000] {standard_task_runner.py:104} INFO - Running: ['***', 'tasks', 'run', 'lead_data_pipeline', 'load_raw_data', 'manual__2025-06-27T21:36:20.256007+00:00', '--job-id', '94', '--raw', '--subdir', 'DAGS_FOLDER/lead_data_pipeline.py', '--cfg-path', '/tmp/tmphktaxx2p']
[2025-06-27T21:36:40.914+0000] {standard_task_runner.py:105} INFO - Job 94: Subtask load_raw_data
[2025-06-27T21:36:41.021+0000] {task_command.py:467} INFO - Running <TaskInstance: lead_data_pipeline.load_raw_data manual__2025-06-27T21:36:20.256007+00:00 [running]> on host 07f0cc5d0ca1
[2025-06-27T21:36:41.303+0000] {taskinstance.py:3131} INFO - Exporting env vars: AIRFLOW_CTX_DAG_OWNER='***' AIRFLOW_CTX_DAG_ID='lead_data_pipeline' AIRFLOW_CTX_TASK_ID='load_raw_data' AIRFLOW_CTX_EXECUTION_DATE='2025-06-27T21:36:20.256007+00:00' AIRFLOW_CTX_TRY_NUMBER='1' AIRFLOW_CTX_DAG_RUN_ID='manual__2025-06-27T21:36:20.256007+00:00'
[2025-06-27T21:36:41.305+0000] {taskinstance.py:731} INFO - ::endgroup::
[2025-06-27T21:36:41.335+0000] {sql.py:266} INFO - Executing: 
    COPY lead_raw.raw_batch_data(
        person_name, user_name, email, personal_number, birth_date,
        address, phone, mac_address, ip_address, iban, accessed_at,
        session_duration, download_speed, upload_speed, consumed_traffic, unique_id
    ) 
    FROM '/opt/***/data/raw_data.csv' 
    DELIMITER ',' 
    CSV HEADER;
    
[2025-06-27T21:36:41.355+0000] {base.py:84} INFO - Retrieving connection 'postgres_conn'
[2025-06-27T21:36:41.383+0000] {base.py:84} INFO - Retrieving connection 'postgres_conn'
[2025-06-27T21:36:41.392+0000] {sql.py:509} INFO - Running statement: 
    COPY lead_raw.raw_batch_data(
        person_name, user_name, email, personal_number, birth_date,
        address, phone, mac_address, ip_address, iban, accessed_at,
        session_duration, download_speed, upload_speed, consumed_traffic, unique_id
    ) 
    FROM '/opt/***/data/raw_data.csv' 
    DELIMITER ',' 
    CSV HEADER;
    , parameters: None
[2025-06-27T21:36:41.399+0000] {sql.py:518} INFO - Rows affected: 57
[2025-06-27T21:36:41.425+0000] {taskinstance.py:340} INFO - ::group::Post task execution logs
[2025-06-27T21:36:41.426+0000] {taskinstance.py:352} INFO - Marking task as SUCCESS. dag_id=lead_data_pipeline, task_id=load_raw_data, run_id=manual__2025-06-27T21:36:20.256007+00:00, execution_date=20250627T213620, start_date=20250627T213640, end_date=20250627T213641
[2025-06-27T21:36:41.494+0000] {local_task_job_runner.py:266} INFO - Task exited with return code 0
[2025-06-27T21:36:41.551+0000] {taskinstance.py:3900} INFO - 1 downstream tasks scheduled from follow-on schedule check
[2025-06-27T21:36:41.554+0000] {local_task_job_runner.py:245} INFO - ::endgroup::
