[2025-06-27T20:57:57.241+0000] {local_task_job_runner.py:123} INFO - ::group::Pre task execution logs
[2025-06-27T20:57:57.323+0000] {taskinstance.py:2612} INFO - Dependencies all met for dep_context=non-requeueable deps ti=<TaskInstance: lead_data_pipeline.extract_raw_data scheduled__2025-06-27T07:58:00+00:00 [queued]>
[2025-06-27T20:57:57.360+0000] {taskinstance.py:2612} INFO - Dependencies all met for dep_context=requeueable deps ti=<TaskInstance: lead_data_pipeline.extract_raw_data scheduled__2025-06-27T07:58:00+00:00 [queued]>
[2025-06-27T20:57:57.362+0000] {taskinstance.py:2865} INFO - Starting attempt 1 of 1
[2025-06-27T20:57:57.422+0000] {taskinstance.py:2888} INFO - Executing <Task(PythonOperator): extract_raw_data> on 2025-06-27 07:58:00+00:00
[2025-06-27T20:57:57.438+0000] {warnings.py:112} WARNING - /home/***/.local/lib/python3.12/site-packages/***/task/task_runner/standard_task_runner.py:70: DeprecationWarning: This process (pid=859) is multi-threaded, use of fork() may lead to deadlocks in the child.
  pid = os.fork()

[2025-06-27T20:57:57.441+0000] {standard_task_runner.py:104} INFO - Running: ['***', 'tasks', 'run', 'lead_data_pipeline', 'extract_raw_data', 'scheduled__2025-06-27T07:58:00+00:00', '--job-id', '51', '--raw', '--subdir', 'DAGS_FOLDER/lead_data_pipeline.py', '--cfg-path', '/tmp/tmp6ffxb1ca']
[2025-06-27T20:57:57.447+0000] {standard_task_runner.py:105} INFO - Job 51: Subtask extract_raw_data
[2025-06-27T20:57:57.444+0000] {standard_task_runner.py:72} INFO - Started process 865 to run task
[2025-06-27T20:57:57.686+0000] {task_command.py:467} INFO - Running <TaskInstance: lead_data_pipeline.extract_raw_data scheduled__2025-06-27T07:58:00+00:00 [running]> on host 07f0cc5d0ca1
[2025-06-27T20:57:58.048+0000] {taskinstance.py:3131} INFO - Exporting env vars: AIRFLOW_CTX_DAG_OWNER='***' AIRFLOW_CTX_DAG_ID='lead_data_pipeline' AIRFLOW_CTX_TASK_ID='extract_raw_data' AIRFLOW_CTX_EXECUTION_DATE='2025-06-27T07:58:00+00:00' AIRFLOW_CTX_TRY_NUMBER='1' AIRFLOW_CTX_DAG_RUN_ID='scheduled__2025-06-27T07:58:00+00:00'
[2025-06-27T20:57:58.057+0000] {taskinstance.py:731} INFO - ::endgroup::
[2025-06-27T20:57:58.113+0000] {lead_data_pipeline.py:143} INFO - Started batch processing for 2025-06-27.
[2025-06-27T20:57:58.114+0000] {lead_data_pipeline.py:34} INFO - Created synthetic data for RO country code.
[2025-06-27T20:57:59.214+0000] {lead_data_pipeline.py:100} INFO - Written 147 records to the CSV file.
[2025-06-27T20:57:59.520+0000] {lead_data_pipeline.py:116} INFO - Added UUID to the dataset.
[2025-06-27T20:57:59.551+0000] {lead_data_pipeline.py:135} INFO - Updated accessed timestamp.
[2025-06-27T20:57:59.553+0000] {lead_data_pipeline.py:151} INFO - Finished batch processing 2025-06-27.
[2025-06-27T20:57:59.554+0000] {python.py:240} INFO - Done. Returned value was: None
[2025-06-27T20:57:59.601+0000] {taskinstance.py:340} INFO - ::group::Post task execution logs
[2025-06-27T20:57:59.603+0000] {taskinstance.py:352} INFO - Marking task as SUCCESS. dag_id=lead_data_pipeline, task_id=extract_raw_data, run_id=scheduled__2025-06-27T07:58:00+00:00, execution_date=20250627T075800, start_date=20250627T205757, end_date=20250627T205759
[2025-06-27T20:57:59.713+0000] {local_task_job_runner.py:266} INFO - Task exited with return code 0
[2025-06-27T20:57:59.864+0000] {taskinstance.py:3900} INFO - 1 downstream tasks scheduled from follow-on schedule check
[2025-06-27T20:57:59.871+0000] {local_task_job_runner.py:245} INFO - ::endgroup::
[2025-06-27T21:03:57.124+0000] {local_task_job_runner.py:123} INFO - ::group::Pre task execution logs
[2025-06-27T21:03:57.247+0000] {taskinstance.py:2612} INFO - Dependencies all met for dep_context=non-requeueable deps ti=<TaskInstance: lead_data_pipeline.extract_raw_data scheduled__2025-06-27T07:58:00+00:00 [queued]>
[2025-06-27T21:03:57.344+0000] {taskinstance.py:2612} INFO - Dependencies all met for dep_context=requeueable deps ti=<TaskInstance: lead_data_pipeline.extract_raw_data scheduled__2025-06-27T07:58:00+00:00 [queued]>
[2025-06-27T21:03:57.355+0000] {taskinstance.py:2865} INFO - Starting attempt 1 of 1
[2025-06-27T21:03:57.504+0000] {taskinstance.py:2888} INFO - Executing <Task(PythonOperator): extract_raw_data> on 2025-06-27 07:58:00+00:00
[2025-06-27T21:03:57.555+0000] {warnings.py:112} WARNING - /home/***/.local/lib/python3.12/site-packages/***/task/task_runner/standard_task_runner.py:70: DeprecationWarning: This process (pid=1003) is multi-threaded, use of fork() may lead to deadlocks in the child.
  pid = os.fork()

[2025-06-27T21:03:57.600+0000] {standard_task_runner.py:72} INFO - Started process 1007 to run task
[2025-06-27T21:03:57.595+0000] {standard_task_runner.py:104} INFO - Running: ['***', 'tasks', 'run', 'lead_data_pipeline', 'extract_raw_data', 'scheduled__2025-06-27T07:58:00+00:00', '--job-id', '64', '--raw', '--subdir', 'DAGS_FOLDER/lead_data_pipeline.py', '--cfg-path', '/tmp/tmpkezv7pm2']
[2025-06-27T21:03:57.607+0000] {standard_task_runner.py:105} INFO - Job 64: Subtask extract_raw_data
[2025-06-27T21:03:57.986+0000] {task_command.py:467} INFO - Running <TaskInstance: lead_data_pipeline.extract_raw_data scheduled__2025-06-27T07:58:00+00:00 [running]> on host 07f0cc5d0ca1
[2025-06-27T21:03:58.296+0000] {taskinstance.py:3131} INFO - Exporting env vars: AIRFLOW_CTX_DAG_OWNER='***' AIRFLOW_CTX_DAG_ID='lead_data_pipeline' AIRFLOW_CTX_TASK_ID='extract_raw_data' AIRFLOW_CTX_EXECUTION_DATE='2025-06-27T07:58:00+00:00' AIRFLOW_CTX_TRY_NUMBER='1' AIRFLOW_CTX_DAG_RUN_ID='scheduled__2025-06-27T07:58:00+00:00'
[2025-06-27T21:03:58.306+0000] {taskinstance.py:731} INFO - ::endgroup::
[2025-06-27T21:03:58.374+0000] {lead_data_pipeline.py:143} INFO - Started batch processing for 2025-06-27.
[2025-06-27T21:03:58.375+0000] {lead_data_pipeline.py:34} INFO - Created synthetic data for RO country code.
[2025-06-27T21:04:00.488+0000] {lead_data_pipeline.py:100} INFO - Written 725 records to the CSV file.
[2025-06-27T21:04:00.571+0000] {taskinstance.py:3310} ERROR - Task failed with exception
Traceback (most recent call last):
  File "/home/airflow/.local/lib/python3.12/site-packages/airflow/models/taskinstance.py", line 767, in _execute_task
    result = _execute_callable(context=context, **execute_callable_kwargs)
             ^^^^^^^^^^^^^^^^^^^^^^^^^^^^^^^^^^^^^^^^^^^^^^^^^^^^^^^^^^^^^
  File "/home/airflow/.local/lib/python3.12/site-packages/airflow/models/taskinstance.py", line 733, in _execute_callable
    return ExecutionCallableRunner(
           ^^^^^^^^^^^^^^^^^^^^^^^^
  File "/home/airflow/.local/lib/python3.12/site-packages/airflow/utils/operator_helpers.py", line 252, in run
    return self.func(*args, **kwargs)
           ^^^^^^^^^^^^^^^^^^^^^^^^^^
  File "/home/airflow/.local/lib/python3.12/site-packages/airflow/models/baseoperator.py", line 406, in wrapper
    return func(self, *args, **kwargs)
           ^^^^^^^^^^^^^^^^^^^^^^^^^^^
  File "/home/airflow/.local/lib/python3.12/site-packages/airflow/operators/python.py", line 238, in execute
    return_value = self.execute_callable()
                   ^^^^^^^^^^^^^^^^^^^^^^^
  File "/home/airflow/.local/lib/python3.12/site-packages/airflow/operators/python.py", line 256, in execute_callable
    return runner.run(*self.op_args, **self.op_kwargs)
           ^^^^^^^^^^^^^^^^^^^^^^^^^^^^^^^^^^^^^^^^^^^
  File "/home/airflow/.local/lib/python3.12/site-packages/airflow/utils/operator_helpers.py", line 252, in run
    return self.func(*args, **kwargs)
           ^^^^^^^^^^^^^^^^^^^^^^^^^^
  File "/opt/airflow/dags/lead_data_pipeline.py", line 147, in save_raw_data
    _add_id()
  File "/opt/airflow/dags/lead_data_pipeline.py", line 108, in _add_id
    df = pl.read_csv("/opt/airflow/data/raw_data.csv", dtypes={"personal_number": pl.Utf8})
         ^^^^^^^^^^^^^^^^^^^^^^^^^^^^^^^^^^^^^^^^^^^^^^^^^^^^^^^^^^^^^^^^^^^^^^^^^^^^^^^^^^
  File "/home/airflow/.local/lib/python3.12/site-packages/polars/_utils/deprecation.py", line 91, in wrapper
    return function(*args, **kwargs)
           ^^^^^^^^^^^^^^^^^^^^^^^^^
  File "/home/airflow/.local/lib/python3.12/site-packages/polars/_utils/deprecation.py", line 91, in wrapper
    return function(*args, **kwargs)
           ^^^^^^^^^^^^^^^^^^^^^^^^^
  File "/home/airflow/.local/lib/python3.12/site-packages/polars/_utils/deprecation.py", line 91, in wrapper
    return function(*args, **kwargs)
           ^^^^^^^^^^^^^^^^^^^^^^^^^
  File "/home/airflow/.local/lib/python3.12/site-packages/polars/io/csv/functions.py", line 500, in read_csv
    df = _read_csv_impl(
         ^^^^^^^^^^^^^^^
  File "/home/airflow/.local/lib/python3.12/site-packages/polars/io/csv/functions.py", line 646, in _read_csv_impl
    pydf = PyDataFrame.read_csv(
           ^^^^^^^^^^^^^^^^^^^^^
polars.exceptions.ComputeError: could not parse `session_duration` as dtype `i64` at column 'session_duration' (column number 12)

The current offset in the file is 41418 bytes.

You might want to try:
- increasing `infer_schema_length` (e.g. `infer_schema_length=10000`),
- specifying correct dtype with the `dtypes` argument
- setting `ignore_errors` to `True`,
- adding `session_duration` to the `null_values` list.

Original error: ```remaining bytes non-empty```
[2025-06-27T21:04:00.836+0000] {taskinstance.py:1225} INFO - Marking task as FAILED. dag_id=lead_data_pipeline, task_id=extract_raw_data, run_id=scheduled__2025-06-27T07:58:00+00:00, execution_date=20250627T075800, start_date=20250627T210357, end_date=20250627T210400
[2025-06-27T21:04:01.011+0000] {taskinstance.py:340} INFO - ::group::Post task execution logs
[2025-06-27T21:04:01.013+0000] {standard_task_runner.py:124} ERROR - Failed to execute job 64 for task extract_raw_data (could not parse `session_duration` as dtype `i64` at column 'session_duration' (column number 12)

The current offset in the file is 41418 bytes.

You might want to try:
- increasing `infer_schema_length` (e.g. `infer_schema_length=10000`),
- specifying correct dtype with the `dtypes` argument
- setting `ignore_errors` to `True`,
- adding `session_duration` to the `null_values` list.

Original error: ```remaining bytes non-empty```; 1007)
Traceback (most recent call last):
  File "/home/airflow/.local/lib/python3.12/site-packages/airflow/task/task_runner/standard_task_runner.py", line 117, in _start_by_fork
    ret = args.func(args, dag=self.dag)
          ^^^^^^^^^^^^^^^^^^^^^^^^^^^^^
  File "/home/airflow/.local/lib/python3.12/site-packages/airflow/cli/cli_config.py", line 49, in command
    return func(*args, **kwargs)
           ^^^^^^^^^^^^^^^^^^^^^
  File "/home/airflow/.local/lib/python3.12/site-packages/airflow/utils/cli.py", line 115, in wrapper
    return f(*args, **kwargs)
           ^^^^^^^^^^^^^^^^^^
  File "/home/airflow/.local/lib/python3.12/site-packages/airflow/cli/commands/task_command.py", line 483, in task_run
    task_return_code = _run_task_by_selected_method(args, _dag, ti)
                       ^^^^^^^^^^^^^^^^^^^^^^^^^^^^^^^^^^^^^^^^^^^^
  File "/home/airflow/.local/lib/python3.12/site-packages/airflow/cli/commands/task_command.py", line 256, in _run_task_by_selected_method
    return _run_raw_task(args, ti)
           ^^^^^^^^^^^^^^^^^^^^^^^
  File "/home/airflow/.local/lib/python3.12/site-packages/airflow/cli/commands/task_command.py", line 341, in _run_raw_task
    return ti._run_raw_task(
           ^^^^^^^^^^^^^^^^^
  File "/home/airflow/.local/lib/python3.12/site-packages/airflow/utils/session.py", line 97, in wrapper
    return func(*args, session=session, **kwargs)
           ^^^^^^^^^^^^^^^^^^^^^^^^^^^^^^^^^^^^^^
  File "/home/airflow/.local/lib/python3.12/site-packages/airflow/models/taskinstance.py", line 3004, in _run_raw_task
    return _run_raw_task(
           ^^^^^^^^^^^^^^
  File "/home/airflow/.local/lib/python3.12/site-packages/airflow/models/taskinstance.py", line 273, in _run_raw_task
    TaskInstance._execute_task_with_callbacks(
  File "/home/airflow/.local/lib/python3.12/site-packages/airflow/models/taskinstance.py", line 3158, in _execute_task_with_callbacks
    result = self._execute_task(context, task_orig)
             ^^^^^^^^^^^^^^^^^^^^^^^^^^^^^^^^^^^^^^
  File "/home/airflow/.local/lib/python3.12/site-packages/airflow/models/taskinstance.py", line 3182, in _execute_task
    return _execute_task(self, context, task_orig)
           ^^^^^^^^^^^^^^^^^^^^^^^^^^^^^^^^^^^^^^^
  File "/home/airflow/.local/lib/python3.12/site-packages/airflow/models/taskinstance.py", line 767, in _execute_task
    result = _execute_callable(context=context, **execute_callable_kwargs)
             ^^^^^^^^^^^^^^^^^^^^^^^^^^^^^^^^^^^^^^^^^^^^^^^^^^^^^^^^^^^^^
  File "/home/airflow/.local/lib/python3.12/site-packages/airflow/models/taskinstance.py", line 733, in _execute_callable
    return ExecutionCallableRunner(
           ^^^^^^^^^^^^^^^^^^^^^^^^
  File "/home/airflow/.local/lib/python3.12/site-packages/airflow/utils/operator_helpers.py", line 252, in run
    return self.func(*args, **kwargs)
           ^^^^^^^^^^^^^^^^^^^^^^^^^^
  File "/home/airflow/.local/lib/python3.12/site-packages/airflow/models/baseoperator.py", line 406, in wrapper
    return func(self, *args, **kwargs)
           ^^^^^^^^^^^^^^^^^^^^^^^^^^^
  File "/home/airflow/.local/lib/python3.12/site-packages/airflow/operators/python.py", line 238, in execute
    return_value = self.execute_callable()
                   ^^^^^^^^^^^^^^^^^^^^^^^
  File "/home/airflow/.local/lib/python3.12/site-packages/airflow/operators/python.py", line 256, in execute_callable
    return runner.run(*self.op_args, **self.op_kwargs)
           ^^^^^^^^^^^^^^^^^^^^^^^^^^^^^^^^^^^^^^^^^^^
  File "/home/airflow/.local/lib/python3.12/site-packages/airflow/utils/operator_helpers.py", line 252, in run
    return self.func(*args, **kwargs)
           ^^^^^^^^^^^^^^^^^^^^^^^^^^
  File "/opt/airflow/dags/lead_data_pipeline.py", line 147, in save_raw_data
    _add_id()
  File "/opt/airflow/dags/lead_data_pipeline.py", line 108, in _add_id
    df = pl.read_csv("/opt/airflow/data/raw_data.csv", dtypes={"personal_number": pl.Utf8})
         ^^^^^^^^^^^^^^^^^^^^^^^^^^^^^^^^^^^^^^^^^^^^^^^^^^^^^^^^^^^^^^^^^^^^^^^^^^^^^^^^^^
  File "/home/airflow/.local/lib/python3.12/site-packages/polars/_utils/deprecation.py", line 91, in wrapper
    return function(*args, **kwargs)
           ^^^^^^^^^^^^^^^^^^^^^^^^^
  File "/home/airflow/.local/lib/python3.12/site-packages/polars/_utils/deprecation.py", line 91, in wrapper
    return function(*args, **kwargs)
           ^^^^^^^^^^^^^^^^^^^^^^^^^
  File "/home/airflow/.local/lib/python3.12/site-packages/polars/_utils/deprecation.py", line 91, in wrapper
    return function(*args, **kwargs)
           ^^^^^^^^^^^^^^^^^^^^^^^^^
  File "/home/airflow/.local/lib/python3.12/site-packages/polars/io/csv/functions.py", line 500, in read_csv
    df = _read_csv_impl(
         ^^^^^^^^^^^^^^^
  File "/home/airflow/.local/lib/python3.12/site-packages/polars/io/csv/functions.py", line 646, in _read_csv_impl
    pydf = PyDataFrame.read_csv(
           ^^^^^^^^^^^^^^^^^^^^^
polars.exceptions.ComputeError: could not parse `session_duration` as dtype `i64` at column 'session_duration' (column number 12)

The current offset in the file is 41418 bytes.

You might want to try:
- increasing `infer_schema_length` (e.g. `infer_schema_length=10000`),
- specifying correct dtype with the `dtypes` argument
- setting `ignore_errors` to `True`,
- adding `session_duration` to the `null_values` list.

Original error: ```remaining bytes non-empty```
[2025-06-27T21:04:01.238+0000] {local_task_job_runner.py:266} INFO - Task exited with return code 1
[2025-06-27T21:04:01.463+0000] {taskinstance.py:3900} INFO - 0 downstream tasks scheduled from follow-on schedule check
[2025-06-27T21:04:01.560+0000] {local_task_job_runner.py:245} INFO - ::endgroup::
[2025-06-27T21:29:30.909+0000] {local_task_job_runner.py:123} INFO - ::group::Pre task execution logs
[2025-06-27T21:29:31.268+0000] {taskinstance.py:2612} INFO - Dependencies all met for dep_context=non-requeueable deps ti=<TaskInstance: lead_data_pipeline.extract_raw_data scheduled__2025-06-27T07:58:00+00:00 [queued]>
[2025-06-27T21:29:31.363+0000] {taskinstance.py:2612} INFO - Dependencies all met for dep_context=requeueable deps ti=<TaskInstance: lead_data_pipeline.extract_raw_data scheduled__2025-06-27T07:58:00+00:00 [queued]>
[2025-06-27T21:29:31.368+0000] {taskinstance.py:2865} INFO - Starting attempt 1 of 1
[2025-06-27T21:29:31.616+0000] {taskinstance.py:2888} INFO - Executing <Task(PythonOperator): extract_raw_data> on 2025-06-27 07:58:00+00:00
[2025-06-27T21:29:31.679+0000] {warnings.py:112} WARNING - /home/***/.local/lib/python3.12/site-packages/***/task/task_runner/standard_task_runner.py:70: DeprecationWarning: This process (pid=1408) is multi-threaded, use of fork() may lead to deadlocks in the child.
  pid = os.fork()

[2025-06-27T21:29:31.690+0000] {standard_task_runner.py:72} INFO - Started process 1415 to run task
[2025-06-27T21:29:31.704+0000] {standard_task_runner.py:104} INFO - Running: ['***', 'tasks', 'run', 'lead_data_pipeline', 'extract_raw_data', 'scheduled__2025-06-27T07:58:00+00:00', '--job-id', '81', '--raw', '--subdir', 'DAGS_FOLDER/lead_data_pipeline.py', '--cfg-path', '/tmp/tmpu_lc5xdf']
[2025-06-27T21:29:31.706+0000] {standard_task_runner.py:105} INFO - Job 81: Subtask extract_raw_data
[2025-06-27T21:29:32.451+0000] {task_command.py:467} INFO - Running <TaskInstance: lead_data_pipeline.extract_raw_data scheduled__2025-06-27T07:58:00+00:00 [running]> on host 07f0cc5d0ca1
[2025-06-27T21:29:33.888+0000] {taskinstance.py:3131} INFO - Exporting env vars: AIRFLOW_CTX_DAG_OWNER='***' AIRFLOW_CTX_DAG_ID='lead_data_pipeline' AIRFLOW_CTX_TASK_ID='extract_raw_data' AIRFLOW_CTX_EXECUTION_DATE='2025-06-27T07:58:00+00:00' AIRFLOW_CTX_TRY_NUMBER='1' AIRFLOW_CTX_DAG_RUN_ID='scheduled__2025-06-27T07:58:00+00:00'
[2025-06-27T21:29:33.989+0000] {taskinstance.py:731} INFO - ::endgroup::
[2025-06-27T21:29:34.116+0000] {lead_data_pipeline.py:143} INFO - Started batch processing for 2025-06-27.
[2025-06-27T21:29:34.136+0000] {lead_data_pipeline.py:34} INFO - Created synthetic data for RO country code.
[2025-06-27T21:29:36.602+0000] {lead_data_pipeline.py:100} INFO - Written 681 records to the CSV file.
[2025-06-27T21:29:36.624+0000] {taskinstance.py:3310} ERROR - Task failed with exception
Traceback (most recent call last):
  File "/home/airflow/.local/lib/python3.12/site-packages/airflow/models/taskinstance.py", line 767, in _execute_task
    result = _execute_callable(context=context, **execute_callable_kwargs)
             ^^^^^^^^^^^^^^^^^^^^^^^^^^^^^^^^^^^^^^^^^^^^^^^^^^^^^^^^^^^^^
  File "/home/airflow/.local/lib/python3.12/site-packages/airflow/models/taskinstance.py", line 733, in _execute_callable
    return ExecutionCallableRunner(
           ^^^^^^^^^^^^^^^^^^^^^^^^
  File "/home/airflow/.local/lib/python3.12/site-packages/airflow/utils/operator_helpers.py", line 252, in run
    return self.func(*args, **kwargs)
           ^^^^^^^^^^^^^^^^^^^^^^^^^^
  File "/home/airflow/.local/lib/python3.12/site-packages/airflow/models/baseoperator.py", line 406, in wrapper
    return func(self, *args, **kwargs)
           ^^^^^^^^^^^^^^^^^^^^^^^^^^^
  File "/home/airflow/.local/lib/python3.12/site-packages/airflow/operators/python.py", line 238, in execute
    return_value = self.execute_callable()
                   ^^^^^^^^^^^^^^^^^^^^^^^
  File "/home/airflow/.local/lib/python3.12/site-packages/airflow/operators/python.py", line 256, in execute_callable
    return runner.run(*self.op_args, **self.op_kwargs)
           ^^^^^^^^^^^^^^^^^^^^^^^^^^^^^^^^^^^^^^^^^^^
  File "/home/airflow/.local/lib/python3.12/site-packages/airflow/utils/operator_helpers.py", line 252, in run
    return self.func(*args, **kwargs)
           ^^^^^^^^^^^^^^^^^^^^^^^^^^
  File "/opt/airflow/dags/lead_data_pipeline.py", line 147, in save_raw_data
    _add_id()
  File "/opt/airflow/dags/lead_data_pipeline.py", line 108, in _add_id
    df = pl.read_csv("/opt/airflow/data/raw_data.csv", dtypes={"personal_number": pl.Utf8})
         ^^^^^^^^^^^^^^^^^^^^^^^^^^^^^^^^^^^^^^^^^^^^^^^^^^^^^^^^^^^^^^^^^^^^^^^^^^^^^^^^^^
  File "/home/airflow/.local/lib/python3.12/site-packages/polars/_utils/deprecation.py", line 91, in wrapper
    return function(*args, **kwargs)
           ^^^^^^^^^^^^^^^^^^^^^^^^^
  File "/home/airflow/.local/lib/python3.12/site-packages/polars/_utils/deprecation.py", line 91, in wrapper
    return function(*args, **kwargs)
           ^^^^^^^^^^^^^^^^^^^^^^^^^
  File "/home/airflow/.local/lib/python3.12/site-packages/polars/_utils/deprecation.py", line 91, in wrapper
    return function(*args, **kwargs)
           ^^^^^^^^^^^^^^^^^^^^^^^^^
  File "/home/airflow/.local/lib/python3.12/site-packages/polars/io/csv/functions.py", line 500, in read_csv
    df = _read_csv_impl(
         ^^^^^^^^^^^^^^^
  File "/home/airflow/.local/lib/python3.12/site-packages/polars/io/csv/functions.py", line 646, in _read_csv_impl
    pydf = PyDataFrame.read_csv(
           ^^^^^^^^^^^^^^^^^^^^^
polars.exceptions.ComputeError: could not parse `session_duration` as dtype `i64` at column 'session_duration' (column number 12)

The current offset in the file is 35248 bytes.

You might want to try:
- increasing `infer_schema_length` (e.g. `infer_schema_length=10000`),
- specifying correct dtype with the `dtypes` argument
- setting `ignore_errors` to `True`,
- adding `session_duration` to the `null_values` list.

Original error: ```remaining bytes non-empty```
[2025-06-27T21:29:36.682+0000] {taskinstance.py:1225} INFO - Marking task as FAILED. dag_id=lead_data_pipeline, task_id=extract_raw_data, run_id=scheduled__2025-06-27T07:58:00+00:00, execution_date=20250627T075800, start_date=20250627T212931, end_date=20250627T212936
[2025-06-27T21:29:36.746+0000] {taskinstance.py:340} INFO - ::group::Post task execution logs
[2025-06-27T21:29:36.751+0000] {standard_task_runner.py:124} ERROR - Failed to execute job 81 for task extract_raw_data (could not parse `session_duration` as dtype `i64` at column 'session_duration' (column number 12)

The current offset in the file is 35248 bytes.

You might want to try:
- increasing `infer_schema_length` (e.g. `infer_schema_length=10000`),
- specifying correct dtype with the `dtypes` argument
- setting `ignore_errors` to `True`,
- adding `session_duration` to the `null_values` list.

Original error: ```remaining bytes non-empty```; 1415)
Traceback (most recent call last):
  File "/home/airflow/.local/lib/python3.12/site-packages/airflow/task/task_runner/standard_task_runner.py", line 117, in _start_by_fork
    ret = args.func(args, dag=self.dag)
          ^^^^^^^^^^^^^^^^^^^^^^^^^^^^^
  File "/home/airflow/.local/lib/python3.12/site-packages/airflow/cli/cli_config.py", line 49, in command
    return func(*args, **kwargs)
           ^^^^^^^^^^^^^^^^^^^^^
  File "/home/airflow/.local/lib/python3.12/site-packages/airflow/utils/cli.py", line 115, in wrapper
    return f(*args, **kwargs)
           ^^^^^^^^^^^^^^^^^^
  File "/home/airflow/.local/lib/python3.12/site-packages/airflow/cli/commands/task_command.py", line 483, in task_run
    task_return_code = _run_task_by_selected_method(args, _dag, ti)
                       ^^^^^^^^^^^^^^^^^^^^^^^^^^^^^^^^^^^^^^^^^^^^
  File "/home/airflow/.local/lib/python3.12/site-packages/airflow/cli/commands/task_command.py", line 256, in _run_task_by_selected_method
    return _run_raw_task(args, ti)
           ^^^^^^^^^^^^^^^^^^^^^^^
  File "/home/airflow/.local/lib/python3.12/site-packages/airflow/cli/commands/task_command.py", line 341, in _run_raw_task
    return ti._run_raw_task(
           ^^^^^^^^^^^^^^^^^
  File "/home/airflow/.local/lib/python3.12/site-packages/airflow/utils/session.py", line 97, in wrapper
    return func(*args, session=session, **kwargs)
           ^^^^^^^^^^^^^^^^^^^^^^^^^^^^^^^^^^^^^^
  File "/home/airflow/.local/lib/python3.12/site-packages/airflow/models/taskinstance.py", line 3004, in _run_raw_task
    return _run_raw_task(
           ^^^^^^^^^^^^^^
  File "/home/airflow/.local/lib/python3.12/site-packages/airflow/models/taskinstance.py", line 273, in _run_raw_task
    TaskInstance._execute_task_with_callbacks(
  File "/home/airflow/.local/lib/python3.12/site-packages/airflow/models/taskinstance.py", line 3158, in _execute_task_with_callbacks
    result = self._execute_task(context, task_orig)
             ^^^^^^^^^^^^^^^^^^^^^^^^^^^^^^^^^^^^^^
  File "/home/airflow/.local/lib/python3.12/site-packages/airflow/models/taskinstance.py", line 3182, in _execute_task
    return _execute_task(self, context, task_orig)
           ^^^^^^^^^^^^^^^^^^^^^^^^^^^^^^^^^^^^^^^
  File "/home/airflow/.local/lib/python3.12/site-packages/airflow/models/taskinstance.py", line 767, in _execute_task
    result = _execute_callable(context=context, **execute_callable_kwargs)
             ^^^^^^^^^^^^^^^^^^^^^^^^^^^^^^^^^^^^^^^^^^^^^^^^^^^^^^^^^^^^^
  File "/home/airflow/.local/lib/python3.12/site-packages/airflow/models/taskinstance.py", line 733, in _execute_callable
    return ExecutionCallableRunner(
           ^^^^^^^^^^^^^^^^^^^^^^^^
  File "/home/airflow/.local/lib/python3.12/site-packages/airflow/utils/operator_helpers.py", line 252, in run
    return self.func(*args, **kwargs)
           ^^^^^^^^^^^^^^^^^^^^^^^^^^
  File "/home/airflow/.local/lib/python3.12/site-packages/airflow/models/baseoperator.py", line 406, in wrapper
    return func(self, *args, **kwargs)
           ^^^^^^^^^^^^^^^^^^^^^^^^^^^
  File "/home/airflow/.local/lib/python3.12/site-packages/airflow/operators/python.py", line 238, in execute
    return_value = self.execute_callable()
                   ^^^^^^^^^^^^^^^^^^^^^^^
  File "/home/airflow/.local/lib/python3.12/site-packages/airflow/operators/python.py", line 256, in execute_callable
    return runner.run(*self.op_args, **self.op_kwargs)
           ^^^^^^^^^^^^^^^^^^^^^^^^^^^^^^^^^^^^^^^^^^^
  File "/home/airflow/.local/lib/python3.12/site-packages/airflow/utils/operator_helpers.py", line 252, in run
    return self.func(*args, **kwargs)
           ^^^^^^^^^^^^^^^^^^^^^^^^^^
  File "/opt/airflow/dags/lead_data_pipeline.py", line 147, in save_raw_data
    _add_id()
  File "/opt/airflow/dags/lead_data_pipeline.py", line 108, in _add_id
    df = pl.read_csv("/opt/airflow/data/raw_data.csv", dtypes={"personal_number": pl.Utf8})
         ^^^^^^^^^^^^^^^^^^^^^^^^^^^^^^^^^^^^^^^^^^^^^^^^^^^^^^^^^^^^^^^^^^^^^^^^^^^^^^^^^^
  File "/home/airflow/.local/lib/python3.12/site-packages/polars/_utils/deprecation.py", line 91, in wrapper
    return function(*args, **kwargs)
           ^^^^^^^^^^^^^^^^^^^^^^^^^
  File "/home/airflow/.local/lib/python3.12/site-packages/polars/_utils/deprecation.py", line 91, in wrapper
    return function(*args, **kwargs)
           ^^^^^^^^^^^^^^^^^^^^^^^^^
  File "/home/airflow/.local/lib/python3.12/site-packages/polars/_utils/deprecation.py", line 91, in wrapper
    return function(*args, **kwargs)
           ^^^^^^^^^^^^^^^^^^^^^^^^^
  File "/home/airflow/.local/lib/python3.12/site-packages/polars/io/csv/functions.py", line 500, in read_csv
    df = _read_csv_impl(
         ^^^^^^^^^^^^^^^
  File "/home/airflow/.local/lib/python3.12/site-packages/polars/io/csv/functions.py", line 646, in _read_csv_impl
    pydf = PyDataFrame.read_csv(
           ^^^^^^^^^^^^^^^^^^^^^
polars.exceptions.ComputeError: could not parse `session_duration` as dtype `i64` at column 'session_duration' (column number 12)

The current offset in the file is 35248 bytes.

You might want to try:
- increasing `infer_schema_length` (e.g. `infer_schema_length=10000`),
- specifying correct dtype with the `dtypes` argument
- setting `ignore_errors` to `True`,
- adding `session_duration` to the `null_values` list.

Original error: ```remaining bytes non-empty```
[2025-06-27T21:29:36.986+0000] {local_task_job_runner.py:266} INFO - Task exited with return code 1
[2025-06-27T21:29:37.085+0000] {local_task_job_runner.py:245} INFO - ::endgroup::
