[2025-06-27T20:58:05.431+0000] {local_task_job_runner.py:123} INFO - ::group::Pre task execution logs
[2025-06-27T20:58:05.514+0000] {taskinstance.py:2612} INFO - Dependencies all met for dep_context=non-requeueable deps ti=<TaskInstance: lead_data_pipeline.create_raw_table scheduled__2025-06-27T07:58:00+00:00 [queued]>
[2025-06-27T20:58:05.543+0000] {taskinstance.py:2612} INFO - Dependencies all met for dep_context=requeueable deps ti=<TaskInstance: lead_data_pipeline.create_raw_table scheduled__2025-06-27T07:58:00+00:00 [queued]>
[2025-06-27T20:58:05.545+0000] {taskinstance.py:2865} INFO - Starting attempt 1 of 1
[2025-06-27T20:58:05.651+0000] {taskinstance.py:2888} INFO - Executing <Task(SQLExecuteQueryOperator): create_raw_table> on 2025-06-27 07:58:00+00:00
[2025-06-27T20:58:05.682+0000] {standard_task_runner.py:104} INFO - Running: ['***', 'tasks', 'run', 'lead_data_pipeline', 'create_raw_table', 'scheduled__2025-06-27T07:58:00+00:00', '--job-id', '52', '--raw', '--subdir', 'DAGS_FOLDER/lead_data_pipeline.py', '--cfg-path', '/tmp/tmpqdsxj8je']
[2025-06-27T20:58:05.696+0000] {standard_task_runner.py:105} INFO - Job 52: Subtask create_raw_table
[2025-06-27T20:58:05.742+0000] {warnings.py:112} WARNING - /home/***/.local/lib/python3.12/site-packages/***/task/task_runner/standard_task_runner.py:70: DeprecationWarning: This process (pid=875) is multi-threaded, use of fork() may lead to deadlocks in the child.
  pid = os.fork()

[2025-06-27T20:58:05.786+0000] {standard_task_runner.py:72} INFO - Started process 877 to run task
[2025-06-27T20:58:06.089+0000] {task_command.py:467} INFO - Running <TaskInstance: lead_data_pipeline.create_raw_table scheduled__2025-06-27T07:58:00+00:00 [running]> on host 07f0cc5d0ca1
[2025-06-27T20:58:06.386+0000] {taskinstance.py:3131} INFO - Exporting env vars: AIRFLOW_CTX_DAG_OWNER='***' AIRFLOW_CTX_DAG_ID='lead_data_pipeline' AIRFLOW_CTX_TASK_ID='create_raw_table' AIRFLOW_CTX_EXECUTION_DATE='2025-06-27T07:58:00+00:00' AIRFLOW_CTX_TRY_NUMBER='1' AIRFLOW_CTX_DAG_RUN_ID='scheduled__2025-06-27T07:58:00+00:00'
[2025-06-27T20:58:06.390+0000] {taskinstance.py:731} INFO - ::endgroup::
[2025-06-27T20:58:06.467+0000] {sql.py:266} INFO - Executing: 
        CREATE TABLE IF NOT EXISTS driven_raw.raw_batch_data (
            person_name VARCHAR(100),
            user_name VARCHAR(100),
            email VARCHAR(100),
            personal_number NUMERIC, 
            birth_date VARCHAR(100), 
            address VARCHAR(150),
            phone VARCHAR(100), 
            mac_address VARCHAR(100),
            ip_address VARCHAR(100),
            iban VARCHAR(100),
            accessed_at TIMESTAMP,
            session_duration INT,
            download_speed INT,
            upload_speed INT,
            consumed_traffic INT,
            unique_id VARCHAR(100)
        );
    
[2025-06-27T20:58:06.501+0000] {base.py:84} INFO - Retrieving connection 'postgres_conn'
[2025-06-27T20:58:06.542+0000] {base.py:84} INFO - Retrieving connection 'postgres_conn'
[2025-06-27T20:58:06.560+0000] {sql.py:509} INFO - Running statement: 
        CREATE TABLE IF NOT EXISTS driven_raw.raw_batch_data (
            person_name VARCHAR(100),
            user_name VARCHAR(100),
            email VARCHAR(100),
            personal_number NUMERIC, 
            birth_date VARCHAR(100), 
            address VARCHAR(150),
            phone VARCHAR(100), 
            mac_address VARCHAR(100),
            ip_address VARCHAR(100),
            iban VARCHAR(100),
            accessed_at TIMESTAMP,
            session_duration INT,
            download_speed INT,
            upload_speed INT,
            consumed_traffic INT,
            unique_id VARCHAR(100)
        );
    , parameters: None
[2025-06-27T20:58:06.653+0000] {taskinstance.py:340} INFO - ::group::Post task execution logs
[2025-06-27T20:58:06.658+0000] {taskinstance.py:352} INFO - Marking task as SUCCESS. dag_id=lead_data_pipeline, task_id=create_raw_table, run_id=scheduled__2025-06-27T07:58:00+00:00, execution_date=20250627T075800, start_date=20250627T205805, end_date=20250627T205806
[2025-06-27T20:58:07.013+0000] {local_task_job_runner.py:266} INFO - Task exited with return code 0
[2025-06-27T20:58:07.272+0000] {local_task_job_runner.py:245} INFO - ::endgroup::
