[2025-06-27T21:48:53.204+0000] {local_task_job_runner.py:123} INFO - ::group::Pre task execution logs
[2025-06-27T21:48:53.260+0000] {taskinstance.py:2612} INFO - Dependencies all met for dep_context=non-requeueable deps ti=<TaskInstance: lead_data_pipeline.run_dbt_trusted manual__2025-06-27T21:48:22.782715+00:00 [queued]>
[2025-06-27T21:48:53.287+0000] {taskinstance.py:2612} INFO - Dependencies all met for dep_context=requeueable deps ti=<TaskInstance: lead_data_pipeline.run_dbt_trusted manual__2025-06-27T21:48:22.782715+00:00 [queued]>
[2025-06-27T21:48:53.288+0000] {taskinstance.py:2865} INFO - Starting attempt 1 of 1
[2025-06-27T21:48:53.336+0000] {taskinstance.py:2888} INFO - Executing <Task(BashOperator): run_dbt_trusted> on 2025-06-27 21:48:22.782715+00:00
[2025-06-27T21:48:53.348+0000] {warnings.py:112} WARNING - /home/***/.local/lib/python3.12/site-packages/***/task/task_runner/standard_task_runner.py:70: DeprecationWarning: This process (pid=1835) is multi-threaded, use of fork() may lead to deadlocks in the child.
  pid = os.fork()

[2025-06-27T21:48:53.351+0000] {standard_task_runner.py:72} INFO - Started process 1837 to run task
[2025-06-27T21:48:53.352+0000] {standard_task_runner.py:104} INFO - Running: ['***', 'tasks', 'run', 'lead_data_pipeline', 'run_dbt_trusted', 'manual__2025-06-27T21:48:22.782715+00:00', '--job-id', '112', '--raw', '--subdir', 'DAGS_FOLDER/lead_data_pipeline.py', '--cfg-path', '/tmp/tmpy8y3rc1c']
[2025-06-27T21:48:53.356+0000] {standard_task_runner.py:105} INFO - Job 112: Subtask run_dbt_trusted
[2025-06-27T21:48:53.470+0000] {task_command.py:467} INFO - Running <TaskInstance: lead_data_pipeline.run_dbt_trusted manual__2025-06-27T21:48:22.782715+00:00 [running]> on host 07f0cc5d0ca1
[2025-06-27T21:48:53.890+0000] {taskinstance.py:3131} INFO - Exporting env vars: AIRFLOW_CTX_DAG_OWNER='***' AIRFLOW_CTX_DAG_ID='lead_data_pipeline' AIRFLOW_CTX_TASK_ID='run_dbt_trusted' AIRFLOW_CTX_EXECUTION_DATE='2025-06-27T21:48:22.782715+00:00' AIRFLOW_CTX_TRY_NUMBER='1' AIRFLOW_CTX_DAG_RUN_ID='manual__2025-06-27T21:48:22.782715+00:00'
[2025-06-27T21:48:53.892+0000] {taskinstance.py:731} INFO - ::endgroup::
[2025-06-27T21:48:53.951+0000] {subprocess.py:63} INFO - Tmp dir root location: /tmp
[2025-06-27T21:48:53.954+0000] {subprocess.py:75} INFO - Running command: ['/usr/bin/bash', '-c', 'set -x; cd /opt/***/dbt && dbt run --select tag:trusted']
[2025-06-27T21:48:53.978+0000] {subprocess.py:86} INFO - Output:
[2025-06-27T21:48:53.982+0000] {subprocess.py:93} INFO - + cd /opt/***/dbt
[2025-06-27T21:48:53.985+0000] {subprocess.py:93} INFO - + dbt run --select tag:trusted
[2025-06-27T21:49:03.507+0000] {subprocess.py:93} INFO - [0m21:49:03  Running with dbt=1.8.0
[2025-06-27T21:49:04.643+0000] {subprocess.py:93} INFO - [0m21:49:04  Registered adapter: postgres=1.8.2
[2025-06-27T21:49:06.697+0000] {subprocess.py:93} INFO - [0m21:49:06  Found 9 models, 10 sources, 428 macros
[2025-06-27T21:49:06.709+0000] {subprocess.py:93} INFO - [0m21:49:06
[2025-06-27T21:49:07.137+0000] {subprocess.py:93} INFO - [0m21:49:07  Concurrency: 1 threads (target='dev')
[2025-06-27T21:49:07.140+0000] {subprocess.py:93} INFO - [0m21:49:07
[2025-06-27T21:49:07.165+0000] {subprocess.py:93} INFO - [0m21:49:07  1 of 4 START sql table model driven_trusted.non_pii_data ....................... [RUN]
[2025-06-27T21:49:07.561+0000] {subprocess.py:93} INFO - [0m21:49:07  1 of 4 OK created sql table model driven_trusted.non_pii_data .................. [[32mSELECT 790[0m in 0.39s]
[2025-06-27T21:49:07.568+0000] {subprocess.py:93} INFO - [0m21:49:07  2 of 4 START sql table model driven_trusted.payment_data ....................... [RUN]
[2025-06-27T21:49:07.684+0000] {subprocess.py:93} INFO - [0m21:49:07  2 of 4 OK created sql table model driven_trusted.payment_data .................. [[32mSELECT 790[0m in 0.11s]
[2025-06-27T21:49:07.691+0000] {subprocess.py:93} INFO - [0m21:49:07  3 of 4 START sql table model driven_trusted.pii_data ........................... [RUN]
[2025-06-27T21:49:07.867+0000] {subprocess.py:93} INFO - [0m21:49:07  3 of 4 OK created sql table model driven_trusted.pii_data ...................... [[32mSELECT 790[0m in 0.17s]
[2025-06-27T21:49:07.878+0000] {subprocess.py:93} INFO - [0m21:49:07  4 of 4 START sql table model driven_trusted.technical_data ..................... [RUN]
[2025-06-27T21:49:08.027+0000] {subprocess.py:93} INFO - [0m21:49:08  4 of 4 OK created sql table model driven_trusted.technical_data ................ [[32mSELECT 790[0m in 0.14s]
[2025-06-27T21:49:08.071+0000] {subprocess.py:93} INFO - [0m21:49:08
[2025-06-27T21:49:08.073+0000] {subprocess.py:93} INFO - [0m21:49:08  Finished running 4 table models in 0 hours 0 minutes and 1.36 seconds (1.36s).
[2025-06-27T21:49:08.197+0000] {subprocess.py:93} INFO - [0m21:49:08
[2025-06-27T21:49:08.198+0000] {subprocess.py:93} INFO - [0m21:49:08  [32mCompleted successfully[0m
[2025-06-27T21:49:08.200+0000] {subprocess.py:93} INFO - [0m21:49:08
[2025-06-27T21:49:08.201+0000] {subprocess.py:93} INFO - [0m21:49:08  Done. PASS=4 WARN=0 ERROR=0 SKIP=0 TOTAL=4
[2025-06-27T21:49:09.225+0000] {subprocess.py:97} INFO - Command exited with return code 0
[2025-06-27T21:49:09.301+0000] {taskinstance.py:340} INFO - ::group::Post task execution logs
[2025-06-27T21:49:09.303+0000] {taskinstance.py:352} INFO - Marking task as SUCCESS. dag_id=lead_data_pipeline, task_id=run_dbt_trusted, run_id=manual__2025-06-27T21:48:22.782715+00:00, execution_date=20250627T214822, start_date=20250627T214853, end_date=20250627T214909
[2025-06-27T21:49:09.344+0000] {local_task_job_runner.py:266} INFO - Task exited with return code 0
[2025-06-27T21:49:09.373+0000] {taskinstance.py:3900} INFO - 0 downstream tasks scheduled from follow-on schedule check
[2025-06-27T21:49:09.376+0000] {local_task_job_runner.py:245} INFO - ::endgroup::
