[2025-06-27T21:29:37.621+0000] {local_task_job_runner.py:123} INFO - ::group::Pre task execution logs
[2025-06-27T21:29:37.681+0000] {taskinstance.py:2612} INFO - Dependencies all met for dep_context=non-requeueable deps ti=<TaskInstance: lead_data_pipeline.create_raw_schema manual__2025-06-27T21:29:29.116408+00:00 [queued]>
[2025-06-27T21:29:37.710+0000] {taskinstance.py:2612} INFO - Dependencies all met for dep_context=requeueable deps ti=<TaskInstance: lead_data_pipeline.create_raw_schema manual__2025-06-27T21:29:29.116408+00:00 [queued]>
[2025-06-27T21:29:37.711+0000] {taskinstance.py:2865} INFO - Starting attempt 1 of 1
[2025-06-27T21:29:37.773+0000] {taskinstance.py:2888} INFO - Executing <Task(SQLExecuteQueryOperator): create_raw_schema> on 2025-06-27 21:29:29.116408+00:00
[2025-06-27T21:29:37.787+0000] {warnings.py:112} WARNING - /home/***/.local/lib/python3.12/site-packages/***/task/task_runner/standard_task_runner.py:70: DeprecationWarning: This process (pid=1413) is multi-threaded, use of fork() may lead to deadlocks in the child.
  pid = os.fork()

[2025-06-27T21:29:37.798+0000] {standard_task_runner.py:72} INFO - Started process 1431 to run task
[2025-06-27T21:29:37.800+0000] {standard_task_runner.py:104} INFO - Running: ['***', 'tasks', 'run', 'lead_data_pipeline', 'create_raw_schema', 'manual__2025-06-27T21:29:29.116408+00:00', '--job-id', '83', '--raw', '--subdir', 'DAGS_FOLDER/lead_data_pipeline.py', '--cfg-path', '/tmp/tmpz4vrqz48']
[2025-06-27T21:29:37.804+0000] {standard_task_runner.py:105} INFO - Job 83: Subtask create_raw_schema
[2025-06-27T21:29:38.092+0000] {task_command.py:467} INFO - Running <TaskInstance: lead_data_pipeline.create_raw_schema manual__2025-06-27T21:29:29.116408+00:00 [running]> on host 07f0cc5d0ca1
[2025-06-27T21:29:38.439+0000] {taskinstance.py:3131} INFO - Exporting env vars: AIRFLOW_CTX_DAG_OWNER='***' AIRFLOW_CTX_DAG_ID='lead_data_pipeline' AIRFLOW_CTX_TASK_ID='create_raw_schema' AIRFLOW_CTX_EXECUTION_DATE='2025-06-27T21:29:29.116408+00:00' AIRFLOW_CTX_TRY_NUMBER='1' AIRFLOW_CTX_DAG_RUN_ID='manual__2025-06-27T21:29:29.116408+00:00'
[2025-06-27T21:29:38.442+0000] {taskinstance.py:731} INFO - ::endgroup::
[2025-06-27T21:29:38.503+0000] {sql.py:266} INFO - Executing: CREATE SCHEMA IF NOT EXISTS driven_raw;
[2025-06-27T21:29:38.558+0000] {base.py:84} INFO - Retrieving connection 'postgres_conn'
[2025-06-27T21:29:38.629+0000] {base.py:84} INFO - Retrieving connection 'postgres_conn'
[2025-06-27T21:29:38.666+0000] {sql.py:509} INFO - Running statement: CREATE SCHEMA IF NOT EXISTS driven_raw;, parameters: None
[2025-06-27T21:29:38.730+0000] {taskinstance.py:340} INFO - ::group::Post task execution logs
[2025-06-27T21:29:38.732+0000] {taskinstance.py:352} INFO - Marking task as SUCCESS. dag_id=lead_data_pipeline, task_id=create_raw_schema, run_id=manual__2025-06-27T21:29:29.116408+00:00, execution_date=20250627T212929, start_date=20250627T212937, end_date=20250627T212938
[2025-06-27T21:29:39.004+0000] {local_task_job_runner.py:266} INFO - Task exited with return code 0
[2025-06-27T21:29:39.206+0000] {taskinstance.py:3900} INFO - 0 downstream tasks scheduled from follow-on schedule check
[2025-06-27T21:29:39.242+0000] {local_task_job_runner.py:245} INFO - ::endgroup::
