[2025-06-27T21:08:06.321+0000] {local_task_job_runner.py:123} INFO - ::group::Pre task execution logs
[2025-06-27T21:08:06.364+0000] {taskinstance.py:2612} INFO - Dependencies all met for dep_context=non-requeueable deps ti=<TaskInstance: lead_data_pipeline.run_dbt_staging manual__2025-06-27T21:07:47.628376+00:00 [queued]>
[2025-06-27T21:08:06.391+0000] {taskinstance.py:2612} INFO - Dependencies all met for dep_context=requeueable deps ti=<TaskInstance: lead_data_pipeline.run_dbt_staging manual__2025-06-27T21:07:47.628376+00:00 [queued]>
[2025-06-27T21:08:06.392+0000] {taskinstance.py:2865} INFO - Starting attempt 1 of 1
[2025-06-27T21:08:06.431+0000] {taskinstance.py:2888} INFO - Executing <Task(BashOperator): run_dbt_staging> on 2025-06-27 21:07:47.628376+00:00
[2025-06-27T21:08:06.456+0000] {standard_task_runner.py:104} INFO - Running: ['***', 'tasks', 'run', 'lead_data_pipeline', 'run_dbt_staging', 'manual__2025-06-27T21:07:47.628376+00:00', '--job-id', '72', '--raw', '--subdir', 'DAGS_FOLDER/lead_data_pipeline.py', '--cfg-path', '/tmp/tmpem29hlgc']
[2025-06-27T21:08:06.459+0000] {standard_task_runner.py:105} INFO - Job 72: Subtask run_dbt_staging
[2025-06-27T21:08:06.453+0000] {warnings.py:112} WARNING - /home/***/.local/lib/python3.12/site-packages/***/task/task_runner/standard_task_runner.py:70: DeprecationWarning: This process (pid=1094) is multi-threaded, use of fork() may lead to deadlocks in the child.
  pid = os.fork()

[2025-06-27T21:08:06.464+0000] {standard_task_runner.py:72} INFO - Started process 1096 to run task
[2025-06-27T21:08:06.593+0000] {task_command.py:467} INFO - Running <TaskInstance: lead_data_pipeline.run_dbt_staging manual__2025-06-27T21:07:47.628376+00:00 [running]> on host 07f0cc5d0ca1
[2025-06-27T21:08:06.804+0000] {taskinstance.py:3131} INFO - Exporting env vars: AIRFLOW_CTX_DAG_OWNER='***' AIRFLOW_CTX_DAG_ID='lead_data_pipeline' AIRFLOW_CTX_TASK_ID='run_dbt_staging' AIRFLOW_CTX_EXECUTION_DATE='2025-06-27T21:07:47.628376+00:00' AIRFLOW_CTX_TRY_NUMBER='1' AIRFLOW_CTX_DAG_RUN_ID='manual__2025-06-27T21:07:47.628376+00:00'
[2025-06-27T21:08:06.807+0000] {taskinstance.py:731} INFO - ::endgroup::
[2025-06-27T21:08:06.857+0000] {subprocess.py:63} INFO - Tmp dir root location: /tmp
[2025-06-27T21:08:06.881+0000] {subprocess.py:75} INFO - Running command: ['/usr/bin/bash', '-c', 'set -x; cd /opt/***/dbt && dbt run --select tag:staging']
[2025-06-27T21:08:06.953+0000] {subprocess.py:86} INFO - Output:
[2025-06-27T21:08:06.970+0000] {subprocess.py:93} INFO - + cd /opt/***/dbt
[2025-06-27T21:08:06.972+0000] {subprocess.py:93} INFO - + dbt run --select tag:staging
[2025-06-27T21:08:15.457+0000] {subprocess.py:93} INFO - [0m21:08:15  Running with dbt=1.8.0
[2025-06-27T21:08:16.469+0000] {subprocess.py:93} INFO - [0m21:08:16  Registered adapter: postgres=1.8.2
[2025-06-27T21:08:16.849+0000] {subprocess.py:93} INFO - [0m21:08:16  Unable to do partial parsing because saved manifest not found. Starting full parse.
[2025-06-27T21:08:20.319+0000] {subprocess.py:93} INFO - [0m21:08:20  Found 9 models, 10 sources, 428 macros
[2025-06-27T21:08:20.330+0000] {subprocess.py:93} INFO - [0m21:08:20
[2025-06-27T21:08:20.921+0000] {subprocess.py:93} INFO - [0m21:08:20  Concurrency: 1 threads (target='dev')
[2025-06-27T21:08:20.930+0000] {subprocess.py:93} INFO - [0m21:08:20
[2025-06-27T21:08:20.955+0000] {subprocess.py:93} INFO - [0m21:08:20  1 of 5 START sql table model driven_staging.dim_address ........................ [RUN]
[2025-06-27T21:08:21.490+0000] {subprocess.py:93} INFO - [0m21:08:21  1 of 5 OK created sql table model driven_staging.dim_address ................... [[32mSELECT 798[0m in 0.53s]
[2025-06-27T21:08:21.495+0000] {subprocess.py:93} INFO - [0m21:08:21  2 of 5 START sql table model driven_staging.dim_date ........................... [RUN]
[2025-06-27T21:08:21.607+0000] {subprocess.py:93} INFO - [0m21:08:21  2 of 5 OK created sql table model driven_staging.dim_date ...................... [[32mSELECT 798[0m in 0.11s]
[2025-06-27T21:08:21.614+0000] {subprocess.py:93} INFO - [0m21:08:21  3 of 5 START sql table model driven_staging.dim_finance ........................ [RUN]
[2025-06-27T21:08:21.749+0000] {subprocess.py:93} INFO - [0m21:08:21  3 of 5 OK created sql table model driven_staging.dim_finance ................... [[32mSELECT 798[0m in 0.13s]
[2025-06-27T21:08:21.754+0000] {subprocess.py:93} INFO - [0m21:08:21  4 of 5 START sql table model driven_staging.dim_person ......................... [RUN]
[2025-06-27T21:08:21.869+0000] {subprocess.py:93} INFO - [0m21:08:21  4 of 5 OK created sql table model driven_staging.dim_person .................... [[32mSELECT 798[0m in 0.11s]
[2025-06-27T21:08:21.877+0000] {subprocess.py:93} INFO - [0m21:08:21  5 of 5 START sql table model driven_staging.fact_network_usage ................. [RUN]
[2025-06-27T21:08:21.996+0000] {subprocess.py:93} INFO - [0m21:08:21  5 of 5 OK created sql table model driven_staging.fact_network_usage ............ [[32mSELECT 798[0m in 0.11s]
[2025-06-27T21:08:22.047+0000] {subprocess.py:93} INFO - [0m21:08:22
[2025-06-27T21:08:22.050+0000] {subprocess.py:93} INFO - [0m21:08:22  Finished running 5 table models in 0 hours 0 minutes and 1.71 seconds (1.71s).
[2025-06-27T21:08:22.207+0000] {subprocess.py:93} INFO - [0m21:08:22
[2025-06-27T21:08:22.210+0000] {subprocess.py:93} INFO - [0m21:08:22  [32mCompleted successfully[0m
[2025-06-27T21:08:22.212+0000] {subprocess.py:93} INFO - [0m21:08:22
[2025-06-27T21:08:22.218+0000] {subprocess.py:93} INFO - [0m21:08:22  Done. PASS=5 WARN=0 ERROR=0 SKIP=0 TOTAL=5
[2025-06-27T21:08:25.656+0000] {subprocess.py:97} INFO - Command exited with return code 0
[2025-06-27T21:08:25.882+0000] {taskinstance.py:340} INFO - ::group::Post task execution logs
[2025-06-27T21:08:25.891+0000] {taskinstance.py:352} INFO - Marking task as SUCCESS. dag_id=lead_data_pipeline, task_id=run_dbt_staging, run_id=manual__2025-06-27T21:07:47.628376+00:00, execution_date=20250627T210747, start_date=20250627T210806, end_date=20250627T210825
[2025-06-27T21:08:25.956+0000] {local_task_job_runner.py:266} INFO - Task exited with return code 0
[2025-06-27T21:08:26.026+0000] {taskinstance.py:3900} INFO - 1 downstream tasks scheduled from follow-on schedule check
[2025-06-27T21:08:26.030+0000] {local_task_job_runner.py:245} INFO - ::endgroup::
