[2025-06-27T21:48:28.465+0000] {local_task_job_runner.py:123} INFO - ::group::Pre task execution logs
[2025-06-27T21:48:28.596+0000] {taskinstance.py:2612} INFO - Dependencies all met for dep_context=non-requeueable deps ti=<TaskInstance: lead_data_pipeline.extract_raw_data manual__2025-06-27T21:48:22.782715+00:00 [queued]>
[2025-06-27T21:48:28.674+0000] {taskinstance.py:2612} INFO - Dependencies all met for dep_context=requeueable deps ti=<TaskInstance: lead_data_pipeline.extract_raw_data manual__2025-06-27T21:48:22.782715+00:00 [queued]>
[2025-06-27T21:48:28.719+0000] {taskinstance.py:2865} INFO - Starting attempt 1 of 1
[2025-06-27T21:48:28.848+0000] {taskinstance.py:2888} INFO - Executing <Task(PythonOperator): extract_raw_data> on 2025-06-27 21:48:22.782715+00:00
[2025-06-27T21:48:28.884+0000] {warnings.py:112} WARNING - /home/***/.local/lib/python3.12/site-packages/***/task/task_runner/standard_task_runner.py:70: DeprecationWarning: This process (pid=1802) is multi-threaded, use of fork() may lead to deadlocks in the child.
  pid = os.fork()

[2025-06-27T21:48:28.887+0000] {standard_task_runner.py:104} INFO - Running: ['***', 'tasks', 'run', 'lead_data_pipeline', 'extract_raw_data', 'manual__2025-06-27T21:48:22.782715+00:00', '--job-id', '107', '--raw', '--subdir', 'DAGS_FOLDER/lead_data_pipeline.py', '--cfg-path', '/tmp/tmp0prl3jsw']
[2025-06-27T21:48:28.890+0000] {standard_task_runner.py:72} INFO - Started process 1805 to run task
[2025-06-27T21:48:28.891+0000] {standard_task_runner.py:105} INFO - Job 107: Subtask extract_raw_data
[2025-06-27T21:48:29.029+0000] {task_command.py:467} INFO - Running <TaskInstance: lead_data_pipeline.extract_raw_data manual__2025-06-27T21:48:22.782715+00:00 [running]> on host 07f0cc5d0ca1
[2025-06-27T21:48:29.453+0000] {taskinstance.py:3131} INFO - Exporting env vars: AIRFLOW_CTX_DAG_OWNER='***' AIRFLOW_CTX_DAG_ID='lead_data_pipeline' AIRFLOW_CTX_TASK_ID='extract_raw_data' AIRFLOW_CTX_EXECUTION_DATE='2025-06-27T21:48:22.782715+00:00' AIRFLOW_CTX_TRY_NUMBER='1' AIRFLOW_CTX_DAG_RUN_ID='manual__2025-06-27T21:48:22.782715+00:00'
[2025-06-27T21:48:29.461+0000] {taskinstance.py:731} INFO - ::endgroup::
[2025-06-27T21:48:29.509+0000] {lead_data_pipeline.py:106} INFO - Started batch processing for 2025-06-27.
[2025-06-27T21:48:29.512+0000] {lead_data_pipeline.py:25} INFO - Created synthetic data for MX country code.
[2025-06-27T21:48:30.803+0000] {lead_data_pipeline.py:72} INFO - Written 790 records to the CSV file.
[2025-06-27T21:48:30.944+0000] {lead_data_pipeline.py:89} INFO - Added UUID to the dataset.
[2025-06-27T21:48:30.968+0000] {lead_data_pipeline.py:102} INFO - Updated accessed timestamp.
[2025-06-27T21:48:30.973+0000] {lead_data_pipeline.py:110} INFO - Finished batch processing 2025-06-27.
[2025-06-27T21:48:30.976+0000] {python.py:240} INFO - Done. Returned value was: None
[2025-06-27T21:48:31.005+0000] {taskinstance.py:340} INFO - ::group::Post task execution logs
[2025-06-27T21:48:31.007+0000] {taskinstance.py:352} INFO - Marking task as SUCCESS. dag_id=lead_data_pipeline, task_id=extract_raw_data, run_id=manual__2025-06-27T21:48:22.782715+00:00, execution_date=20250627T214822, start_date=20250627T214828, end_date=20250627T214831
[2025-06-27T21:48:31.061+0000] {local_task_job_runner.py:266} INFO - Task exited with return code 0
[2025-06-27T21:48:31.126+0000] {taskinstance.py:3900} INFO - 1 downstream tasks scheduled from follow-on schedule check
[2025-06-27T21:48:31.130+0000] {local_task_job_runner.py:245} INFO - ::endgroup::
