[2025-06-27T20:10:37.605+0000] {local_task_job_runner.py:123} INFO - ::group::Pre task execution logs
[2025-06-27T20:10:37.667+0000] {taskinstance.py:2612} INFO - Dependencies all met for dep_context=non-requeueable deps ti=<TaskInstance: lead_data_pipeline.extract_raw_data manual__2025-06-27T20:10:34.765834+00:00 [queued]>
[2025-06-27T20:10:37.688+0000] {taskinstance.py:2612} INFO - Dependencies all met for dep_context=requeueable deps ti=<TaskInstance: lead_data_pipeline.extract_raw_data manual__2025-06-27T20:10:34.765834+00:00 [queued]>
[2025-06-27T20:10:37.689+0000] {taskinstance.py:2865} INFO - Starting attempt 1 of 1
[2025-06-27T20:10:37.723+0000] {taskinstance.py:2888} INFO - Executing <Task(PythonOperator): extract_raw_data> on 2025-06-27 20:10:34.765834+00:00
[2025-06-27T20:10:37.734+0000] {warnings.py:112} WARNING - /home/***/.local/lib/python3.12/site-packages/***/task/task_runner/standard_task_runner.py:70: DeprecationWarning: This process (pid=314) is multi-threaded, use of fork() may lead to deadlocks in the child.
  pid = os.fork()

[2025-06-27T20:10:37.738+0000] {standard_task_runner.py:72} INFO - Started process 315 to run task
[2025-06-27T20:10:37.738+0000] {standard_task_runner.py:104} INFO - Running: ['***', 'tasks', 'run', 'lead_data_pipeline', 'extract_raw_data', 'manual__2025-06-27T20:10:34.765834+00:00', '--job-id', '42', '--raw', '--subdir', 'DAGS_FOLDER/lead_data_pipeline.py', '--cfg-path', '/tmp/tmp5bi4xirs']
[2025-06-27T20:10:37.741+0000] {standard_task_runner.py:105} INFO - Job 42: Subtask extract_raw_data
[2025-06-27T20:10:37.855+0000] {task_command.py:467} INFO - Running <TaskInstance: lead_data_pipeline.extract_raw_data manual__2025-06-27T20:10:34.765834+00:00 [running]> on host 07f0cc5d0ca1
[2025-06-27T20:10:38.094+0000] {taskinstance.py:3131} INFO - Exporting env vars: AIRFLOW_CTX_DAG_OWNER='***' AIRFLOW_CTX_DAG_ID='lead_data_pipeline' AIRFLOW_CTX_TASK_ID='extract_raw_data' AIRFLOW_CTX_EXECUTION_DATE='2025-06-27T20:10:34.765834+00:00' AIRFLOW_CTX_TRY_NUMBER='1' AIRFLOW_CTX_DAG_RUN_ID='manual__2025-06-27T20:10:34.765834+00:00'
[2025-06-27T20:10:38.099+0000] {taskinstance.py:731} INFO - ::endgroup::
[2025-06-27T20:10:38.153+0000] {python.py:240} INFO - Done. Returned value was: None
[2025-06-27T20:10:38.218+0000] {taskinstance.py:340} INFO - ::group::Post task execution logs
[2025-06-27T20:10:38.220+0000] {taskinstance.py:352} INFO - Marking task as SUCCESS. dag_id=lead_data_pipeline, task_id=extract_raw_data, run_id=manual__2025-06-27T20:10:34.765834+00:00, execution_date=20250627T201034, start_date=20250627T201037, end_date=20250627T201038
[2025-06-27T20:10:38.285+0000] {local_task_job_runner.py:266} INFO - Task exited with return code 0
[2025-06-27T20:10:38.334+0000] {warnings.py:112} WARNING - /home/***/.local/lib/python3.12/site-packages/***/models/baseoperator.py:1378: AirflowProviderDeprecationWarning: Call to deprecated class PostgresOperator. (Please use `***.providers.common.sql.operators.sql.SQLExecuteQueryOperator`.Also, you can provide `hook_params={'schema': <database>}`.)
  result = cls.__new__(cls)

[2025-06-27T20:10:38.416+0000] {taskinstance.py:3900} INFO - 0 downstream tasks scheduled from follow-on schedule check
[2025-06-27T20:10:38.421+0000] {local_task_job_runner.py:245} INFO - ::endgroup::
