[2025-06-27T21:46:22.558+0000] {local_task_job_runner.py:123} INFO - ::group::Pre task execution logs
[2025-06-27T21:46:22.677+0000] {taskinstance.py:2612} INFO - Dependencies all met for dep_context=non-requeueable deps ti=<TaskInstance: lead_data_pipeline.extract_raw_data manual__2025-06-27T21:46:11.420711+00:00 [queued]>
[2025-06-27T21:46:22.846+0000] {taskinstance.py:2612} INFO - Dependencies all met for dep_context=requeueable deps ti=<TaskInstance: lead_data_pipeline.extract_raw_data manual__2025-06-27T21:46:11.420711+00:00 [queued]>
[2025-06-27T21:46:22.849+0000] {taskinstance.py:2865} INFO - Starting attempt 1 of 1
[2025-06-27T21:46:22.993+0000] {taskinstance.py:2888} INFO - Executing <Task(PythonOperator): extract_raw_data> on 2025-06-27 21:46:11.420711+00:00
[2025-06-27T21:46:23.028+0000] {warnings.py:112} WARNING - /home/***/.local/lib/python3.12/site-packages/***/task/task_runner/standard_task_runner.py:70: DeprecationWarning: This process (pid=1736) is multi-threaded, use of fork() may lead to deadlocks in the child.
  pid = os.fork()

[2025-06-27T21:46:23.039+0000] {standard_task_runner.py:72} INFO - Started process 1747 to run task
[2025-06-27T21:46:23.027+0000] {standard_task_runner.py:104} INFO - Running: ['***', 'tasks', 'run', 'lead_data_pipeline', 'extract_raw_data', 'manual__2025-06-27T21:46:11.420711+00:00', '--job-id', '102', '--raw', '--subdir', 'DAGS_FOLDER/lead_data_pipeline.py', '--cfg-path', '/tmp/tmp81cndt0n']
[2025-06-27T21:46:23.046+0000] {standard_task_runner.py:105} INFO - Job 102: Subtask extract_raw_data
[2025-06-27T21:46:23.313+0000] {task_command.py:467} INFO - Running <TaskInstance: lead_data_pipeline.extract_raw_data manual__2025-06-27T21:46:11.420711+00:00 [running]> on host 07f0cc5d0ca1
[2025-06-27T21:46:23.772+0000] {taskinstance.py:3131} INFO - Exporting env vars: AIRFLOW_CTX_DAG_OWNER='***' AIRFLOW_CTX_DAG_ID='lead_data_pipeline' AIRFLOW_CTX_TASK_ID='extract_raw_data' AIRFLOW_CTX_EXECUTION_DATE='2025-06-27T21:46:11.420711+00:00' AIRFLOW_CTX_TRY_NUMBER='1' AIRFLOW_CTX_DAG_RUN_ID='manual__2025-06-27T21:46:11.420711+00:00'
[2025-06-27T21:46:23.795+0000] {taskinstance.py:731} INFO - ::endgroup::
[2025-06-27T21:46:23.910+0000] {lead_data_pipeline.py:106} INFO - Started batch processing for 2025-06-27.
[2025-06-27T21:46:23.911+0000] {lead_data_pipeline.py:25} INFO - Created synthetic data for MX country code.
[2025-06-27T21:46:25.114+0000] {lead_data_pipeline.py:72} INFO - Written 296 records to the CSV file.
[2025-06-27T21:46:25.178+0000] {lead_data_pipeline.py:89} INFO - Added UUID to the dataset.
[2025-06-27T21:46:25.195+0000] {lead_data_pipeline.py:102} INFO - Updated accessed timestamp.
[2025-06-27T21:46:25.196+0000] {lead_data_pipeline.py:110} INFO - Finished batch processing 2025-06-27.
[2025-06-27T21:46:25.197+0000] {python.py:240} INFO - Done. Returned value was: None
[2025-06-27T21:46:25.282+0000] {taskinstance.py:340} INFO - ::group::Post task execution logs
[2025-06-27T21:46:25.283+0000] {taskinstance.py:352} INFO - Marking task as SUCCESS. dag_id=lead_data_pipeline, task_id=extract_raw_data, run_id=manual__2025-06-27T21:46:11.420711+00:00, execution_date=20250627T214611, start_date=20250627T214622, end_date=20250627T214625
[2025-06-27T21:46:25.374+0000] {local_task_job_runner.py:266} INFO - Task exited with return code 0
[2025-06-27T21:46:25.486+0000] {taskinstance.py:3900} INFO - 1 downstream tasks scheduled from follow-on schedule check
[2025-06-27T21:46:25.491+0000] {local_task_job_runner.py:245} INFO - ::endgroup::
