[2025-06-27T20:57:57.242+0000] {local_task_job_runner.py:123} INFO - ::group::Pre task execution logs
[2025-06-27T20:57:57.339+0000] {taskinstance.py:2612} INFO - Dependencies all met for dep_context=non-requeueable deps ti=<TaskInstance: lead_data_pipeline.create_raw_schema scheduled__2025-06-27T07:58:00+00:00 [queued]>
[2025-06-27T20:57:57.373+0000] {taskinstance.py:2612} INFO - Dependencies all met for dep_context=requeueable deps ti=<TaskInstance: lead_data_pipeline.create_raw_schema scheduled__2025-06-27T07:58:00+00:00 [queued]>
[2025-06-27T20:57:57.377+0000] {taskinstance.py:2865} INFO - Starting attempt 1 of 1
[2025-06-27T20:57:57.456+0000] {taskinstance.py:2888} INFO - Executing <Task(SQLExecuteQueryOperator): create_raw_schema> on 2025-06-27 07:58:00+00:00
[2025-06-27T20:57:57.502+0000] {warnings.py:112} WARNING - /home/***/.local/lib/python3.12/site-packages/***/task/task_runner/standard_task_runner.py:70: DeprecationWarning: This process (pid=860) is multi-threaded, use of fork() may lead to deadlocks in the child.
  pid = os.fork()

[2025-06-27T20:57:57.506+0000] {standard_task_runner.py:104} INFO - Running: ['***', 'tasks', 'run', 'lead_data_pipeline', 'create_raw_schema', 'scheduled__2025-06-27T07:58:00+00:00', '--job-id', '50', '--raw', '--subdir', 'DAGS_FOLDER/lead_data_pipeline.py', '--cfg-path', '/tmp/tmphrbthhjh']
[2025-06-27T20:57:57.510+0000] {standard_task_runner.py:105} INFO - Job 50: Subtask create_raw_schema
[2025-06-27T20:57:57.508+0000] {standard_task_runner.py:72} INFO - Started process 867 to run task
[2025-06-27T20:57:57.678+0000] {task_command.py:467} INFO - Running <TaskInstance: lead_data_pipeline.create_raw_schema scheduled__2025-06-27T07:58:00+00:00 [running]> on host 07f0cc5d0ca1
[2025-06-27T20:57:58.034+0000] {taskinstance.py:3131} INFO - Exporting env vars: AIRFLOW_CTX_DAG_OWNER='***' AIRFLOW_CTX_DAG_ID='lead_data_pipeline' AIRFLOW_CTX_TASK_ID='create_raw_schema' AIRFLOW_CTX_EXECUTION_DATE='2025-06-27T07:58:00+00:00' AIRFLOW_CTX_TRY_NUMBER='1' AIRFLOW_CTX_DAG_RUN_ID='scheduled__2025-06-27T07:58:00+00:00'
[2025-06-27T20:57:58.037+0000] {taskinstance.py:731} INFO - ::endgroup::
[2025-06-27T20:57:58.111+0000] {sql.py:266} INFO - Executing: CREATE SCHEMA IF NOT EXISTS driven_raw;
[2025-06-27T20:57:58.142+0000] {base.py:84} INFO - Retrieving connection 'postgres_conn'
[2025-06-27T20:57:58.232+0000] {base.py:84} INFO - Retrieving connection 'postgres_conn'
[2025-06-27T20:57:58.290+0000] {sql.py:509} INFO - Running statement: CREATE SCHEMA IF NOT EXISTS driven_raw;, parameters: None
[2025-06-27T20:57:58.479+0000] {taskinstance.py:340} INFO - ::group::Post task execution logs
[2025-06-27T20:57:58.481+0000] {taskinstance.py:352} INFO - Marking task as SUCCESS. dag_id=lead_data_pipeline, task_id=create_raw_schema, run_id=scheduled__2025-06-27T07:58:00+00:00, execution_date=20250627T075800, start_date=20250627T205757, end_date=20250627T205758
[2025-06-27T20:57:58.815+0000] {local_task_job_runner.py:266} INFO - Task exited with return code 0
[2025-06-27T20:57:58.960+0000] {taskinstance.py:3900} INFO - 0 downstream tasks scheduled from follow-on schedule check
[2025-06-27T20:57:58.972+0000] {local_task_job_runner.py:245} INFO - ::endgroup::
[2025-06-27T21:03:57.169+0000] {local_task_job_runner.py:123} INFO - ::group::Pre task execution logs
[2025-06-27T21:03:57.276+0000] {taskinstance.py:2612} INFO - Dependencies all met for dep_context=non-requeueable deps ti=<TaskInstance: lead_data_pipeline.create_raw_schema scheduled__2025-06-27T07:58:00+00:00 [queued]>
[2025-06-27T21:03:57.413+0000] {taskinstance.py:2612} INFO - Dependencies all met for dep_context=requeueable deps ti=<TaskInstance: lead_data_pipeline.create_raw_schema scheduled__2025-06-27T07:58:00+00:00 [queued]>
[2025-06-27T21:03:57.415+0000] {taskinstance.py:2865} INFO - Starting attempt 1 of 1
[2025-06-27T21:03:57.609+0000] {taskinstance.py:2888} INFO - Executing <Task(SQLExecuteQueryOperator): create_raw_schema> on 2025-06-27 07:58:00+00:00
[2025-06-27T21:03:57.653+0000] {warnings.py:112} WARNING - /home/***/.local/lib/python3.12/site-packages/***/task/task_runner/standard_task_runner.py:70: DeprecationWarning: This process (pid=1002) is multi-threaded, use of fork() may lead to deadlocks in the child.
  pid = os.fork()

[2025-06-27T21:03:57.668+0000] {standard_task_runner.py:104} INFO - Running: ['***', 'tasks', 'run', 'lead_data_pipeline', 'create_raw_schema', 'scheduled__2025-06-27T07:58:00+00:00', '--job-id', '65', '--raw', '--subdir', 'DAGS_FOLDER/lead_data_pipeline.py', '--cfg-path', '/tmp/tmpq99pn2fw']
[2025-06-27T21:03:57.687+0000] {standard_task_runner.py:105} INFO - Job 65: Subtask create_raw_schema
[2025-06-27T21:03:57.678+0000] {standard_task_runner.py:72} INFO - Started process 1009 to run task
[2025-06-27T21:03:57.965+0000] {task_command.py:467} INFO - Running <TaskInstance: lead_data_pipeline.create_raw_schema scheduled__2025-06-27T07:58:00+00:00 [running]> on host 07f0cc5d0ca1
[2025-06-27T21:03:58.362+0000] {taskinstance.py:3131} INFO - Exporting env vars: AIRFLOW_CTX_DAG_OWNER='***' AIRFLOW_CTX_DAG_ID='lead_data_pipeline' AIRFLOW_CTX_TASK_ID='create_raw_schema' AIRFLOW_CTX_EXECUTION_DATE='2025-06-27T07:58:00+00:00' AIRFLOW_CTX_TRY_NUMBER='1' AIRFLOW_CTX_DAG_RUN_ID='scheduled__2025-06-27T07:58:00+00:00'
[2025-06-27T21:03:58.366+0000] {taskinstance.py:731} INFO - ::endgroup::
[2025-06-27T21:03:58.419+0000] {sql.py:266} INFO - Executing: CREATE SCHEMA IF NOT EXISTS driven_raw;
[2025-06-27T21:03:58.446+0000] {base.py:84} INFO - Retrieving connection 'postgres_conn'
[2025-06-27T21:03:58.508+0000] {base.py:84} INFO - Retrieving connection 'postgres_conn'
[2025-06-27T21:03:58.532+0000] {sql.py:509} INFO - Running statement: CREATE SCHEMA IF NOT EXISTS driven_raw;, parameters: None
[2025-06-27T21:03:58.576+0000] {taskinstance.py:340} INFO - ::group::Post task execution logs
[2025-06-27T21:03:58.578+0000] {taskinstance.py:352} INFO - Marking task as SUCCESS. dag_id=lead_data_pipeline, task_id=create_raw_schema, run_id=scheduled__2025-06-27T07:58:00+00:00, execution_date=20250627T075800, start_date=20250627T210357, end_date=20250627T210358
[2025-06-27T21:03:58.693+0000] {local_task_job_runner.py:266} INFO - Task exited with return code 0
[2025-06-27T21:03:58.810+0000] {taskinstance.py:3900} INFO - 0 downstream tasks scheduled from follow-on schedule check
[2025-06-27T21:03:58.814+0000] {local_task_job_runner.py:245} INFO - ::endgroup::
[2025-06-27T21:29:31.075+0000] {local_task_job_runner.py:123} INFO - ::group::Pre task execution logs
[2025-06-27T21:29:31.201+0000] {taskinstance.py:2612} INFO - Dependencies all met for dep_context=non-requeueable deps ti=<TaskInstance: lead_data_pipeline.create_raw_schema scheduled__2025-06-27T07:58:00+00:00 [queued]>
[2025-06-27T21:29:31.335+0000] {taskinstance.py:2612} INFO - Dependencies all met for dep_context=requeueable deps ti=<TaskInstance: lead_data_pipeline.create_raw_schema scheduled__2025-06-27T07:58:00+00:00 [queued]>
[2025-06-27T21:29:31.336+0000] {taskinstance.py:2865} INFO - Starting attempt 1 of 1
[2025-06-27T21:29:31.543+0000] {taskinstance.py:2888} INFO - Executing <Task(SQLExecuteQueryOperator): create_raw_schema> on 2025-06-27 07:58:00+00:00
[2025-06-27T21:29:31.669+0000] {warnings.py:112} WARNING - /home/***/.local/lib/python3.12/site-packages/***/task/task_runner/standard_task_runner.py:70: DeprecationWarning: This process (pid=1409) is multi-threaded, use of fork() may lead to deadlocks in the child.
  pid = os.fork()

[2025-06-27T21:29:31.678+0000] {standard_task_runner.py:72} INFO - Started process 1414 to run task
[2025-06-27T21:29:31.625+0000] {standard_task_runner.py:104} INFO - Running: ['***', 'tasks', 'run', 'lead_data_pipeline', 'create_raw_schema', 'scheduled__2025-06-27T07:58:00+00:00', '--job-id', '82', '--raw', '--subdir', 'DAGS_FOLDER/lead_data_pipeline.py', '--cfg-path', '/tmp/tmpu0kaep3l']
[2025-06-27T21:29:31.710+0000] {standard_task_runner.py:105} INFO - Job 82: Subtask create_raw_schema
[2025-06-27T21:29:32.510+0000] {task_command.py:467} INFO - Running <TaskInstance: lead_data_pipeline.create_raw_schema scheduled__2025-06-27T07:58:00+00:00 [running]> on host 07f0cc5d0ca1
[2025-06-27T21:29:33.876+0000] {taskinstance.py:3131} INFO - Exporting env vars: AIRFLOW_CTX_DAG_OWNER='***' AIRFLOW_CTX_DAG_ID='lead_data_pipeline' AIRFLOW_CTX_TASK_ID='create_raw_schema' AIRFLOW_CTX_EXECUTION_DATE='2025-06-27T07:58:00+00:00' AIRFLOW_CTX_TRY_NUMBER='1' AIRFLOW_CTX_DAG_RUN_ID='scheduled__2025-06-27T07:58:00+00:00'
[2025-06-27T21:29:33.884+0000] {taskinstance.py:731} INFO - ::endgroup::
[2025-06-27T21:29:34.064+0000] {sql.py:266} INFO - Executing: CREATE SCHEMA IF NOT EXISTS driven_raw;
[2025-06-27T21:29:34.134+0000] {base.py:84} INFO - Retrieving connection 'postgres_conn'
[2025-06-27T21:29:34.192+0000] {base.py:84} INFO - Retrieving connection 'postgres_conn'
[2025-06-27T21:29:34.237+0000] {sql.py:509} INFO - Running statement: CREATE SCHEMA IF NOT EXISTS driven_raw;, parameters: None
[2025-06-27T21:29:34.560+0000] {taskinstance.py:340} INFO - ::group::Post task execution logs
[2025-06-27T21:29:34.561+0000] {taskinstance.py:352} INFO - Marking task as SUCCESS. dag_id=lead_data_pipeline, task_id=create_raw_schema, run_id=scheduled__2025-06-27T07:58:00+00:00, execution_date=20250627T075800, start_date=20250627T212931, end_date=20250627T212934
[2025-06-27T21:29:34.891+0000] {local_task_job_runner.py:266} INFO - Task exited with return code 0
[2025-06-27T21:29:35.142+0000] {taskinstance.py:3900} INFO - 0 downstream tasks scheduled from follow-on schedule check
[2025-06-27T21:29:35.158+0000] {local_task_job_runner.py:245} INFO - ::endgroup::
