[2025-06-27T21:04:02.001+0000] {local_task_job_runner.py:123} INFO - ::group::Pre task execution logs
[2025-06-27T21:04:02.071+0000] {taskinstance.py:2612} INFO - Dependencies all met for dep_context=non-requeueable deps ti=<TaskInstance: lead_data_pipeline.create_raw_schema manual__2025-06-27T21:03:55.695238+00:00 [queued]>
[2025-06-27T21:04:02.096+0000] {taskinstance.py:2612} INFO - Dependencies all met for dep_context=requeueable deps ti=<TaskInstance: lead_data_pipeline.create_raw_schema manual__2025-06-27T21:03:55.695238+00:00 [queued]>
[2025-06-27T21:04:02.097+0000] {taskinstance.py:2865} INFO - Starting attempt 1 of 1
[2025-06-27T21:04:02.158+0000] {taskinstance.py:2888} INFO - Executing <Task(SQLExecuteQueryOperator): create_raw_schema> on 2025-06-27 21:03:55.695238+00:00
[2025-06-27T21:04:02.175+0000] {warnings.py:112} WARNING - /home/***/.local/lib/python3.12/site-packages/***/task/task_runner/standard_task_runner.py:70: DeprecationWarning: This process (pid=1011) is multi-threaded, use of fork() may lead to deadlocks in the child.
  pid = os.fork()

[2025-06-27T21:04:02.180+0000] {standard_task_runner.py:104} INFO - Running: ['***', 'tasks', 'run', 'lead_data_pipeline', 'create_raw_schema', 'manual__2025-06-27T21:03:55.695238+00:00', '--job-id', '66', '--raw', '--subdir', 'DAGS_FOLDER/lead_data_pipeline.py', '--cfg-path', '/tmp/tmpfvasyzuu']
[2025-06-27T21:04:02.186+0000] {standard_task_runner.py:105} INFO - Job 66: Subtask create_raw_schema
[2025-06-27T21:04:02.185+0000] {standard_task_runner.py:72} INFO - Started process 1025 to run task
[2025-06-27T21:04:02.363+0000] {task_command.py:467} INFO - Running <TaskInstance: lead_data_pipeline.create_raw_schema manual__2025-06-27T21:03:55.695238+00:00 [running]> on host 07f0cc5d0ca1
[2025-06-27T21:04:02.673+0000] {taskinstance.py:3131} INFO - Exporting env vars: AIRFLOW_CTX_DAG_OWNER='***' AIRFLOW_CTX_DAG_ID='lead_data_pipeline' AIRFLOW_CTX_TASK_ID='create_raw_schema' AIRFLOW_CTX_EXECUTION_DATE='2025-06-27T21:03:55.695238+00:00' AIRFLOW_CTX_TRY_NUMBER='1' AIRFLOW_CTX_DAG_RUN_ID='manual__2025-06-27T21:03:55.695238+00:00'
[2025-06-27T21:04:02.681+0000] {taskinstance.py:731} INFO - ::endgroup::
[2025-06-27T21:04:02.766+0000] {sql.py:266} INFO - Executing: CREATE SCHEMA IF NOT EXISTS driven_raw;
[2025-06-27T21:04:02.828+0000] {base.py:84} INFO - Retrieving connection 'postgres_conn'
[2025-06-27T21:04:02.922+0000] {base.py:84} INFO - Retrieving connection 'postgres_conn'
[2025-06-27T21:04:02.940+0000] {sql.py:509} INFO - Running statement: CREATE SCHEMA IF NOT EXISTS driven_raw;, parameters: None
[2025-06-27T21:04:02.989+0000] {taskinstance.py:340} INFO - ::group::Post task execution logs
[2025-06-27T21:04:02.993+0000] {taskinstance.py:352} INFO - Marking task as SUCCESS. dag_id=lead_data_pipeline, task_id=create_raw_schema, run_id=manual__2025-06-27T21:03:55.695238+00:00, execution_date=20250627T210355, start_date=20250627T210402, end_date=20250627T210402
[2025-06-27T21:04:03.076+0000] {local_task_job_runner.py:266} INFO - Task exited with return code 0
[2025-06-27T21:04:03.143+0000] {taskinstance.py:3900} INFO - 0 downstream tasks scheduled from follow-on schedule check
[2025-06-27T21:04:03.147+0000] {local_task_job_runner.py:245} INFO - ::endgroup::
