[2025-06-27T20:07:22.349+0000] {local_task_job_runner.py:123} INFO - ::group::Pre task execution logs
[2025-06-27T20:07:22.612+0000] {taskinstance.py:2612} INFO - Dependencies all met for dep_context=non-requeueable deps ti=<TaskInstance: lead_data_pipeline.extract_raw_data scheduled__2025-06-26T10:00:00+00:00 [queued]>
[2025-06-27T20:07:22.903+0000] {taskinstance.py:2612} INFO - Dependencies all met for dep_context=requeueable deps ti=<TaskInstance: lead_data_pipeline.extract_raw_data scheduled__2025-06-26T10:00:00+00:00 [queued]>
[2025-06-27T20:07:22.910+0000] {taskinstance.py:2865} INFO - Starting attempt 1 of 1
[2025-06-27T20:07:23.347+0000] {taskinstance.py:2888} INFO - Executing <Task(PythonOperator): extract_raw_data> on 2025-06-26 10:00:00+00:00
[2025-06-27T20:07:23.550+0000] {warnings.py:112} WARNING - /home/***/.local/lib/python3.12/site-packages/***/task/task_runner/standard_task_runner.py:70: DeprecationWarning: This process (pid=263) is multi-threaded, use of fork() may lead to deadlocks in the child.
  pid = os.fork()

[2025-06-27T20:07:23.607+0000] {standard_task_runner.py:104} INFO - Running: ['***', 'tasks', 'run', 'lead_data_pipeline', 'extract_raw_data', 'scheduled__2025-06-26T10:00:00+00:00', '--job-id', '39', '--raw', '--subdir', 'DAGS_FOLDER/lead_data_pipeline.py', '--cfg-path', '/tmp/tmptkq_bvlm']
[2025-06-27T20:07:23.743+0000] {standard_task_runner.py:105} INFO - Job 39: Subtask extract_raw_data
[2025-06-27T20:07:23.688+0000] {standard_task_runner.py:72} INFO - Started process 270 to run task
[2025-06-27T20:07:25.117+0000] {task_command.py:467} INFO - Running <TaskInstance: lead_data_pipeline.extract_raw_data scheduled__2025-06-26T10:00:00+00:00 [running]> on host 07f0cc5d0ca1
[2025-06-27T20:07:26.650+0000] {taskinstance.py:3131} INFO - Exporting env vars: AIRFLOW_CTX_DAG_OWNER='***' AIRFLOW_CTX_DAG_ID='lead_data_pipeline' AIRFLOW_CTX_TASK_ID='extract_raw_data' AIRFLOW_CTX_EXECUTION_DATE='2025-06-26T10:00:00+00:00' AIRFLOW_CTX_TRY_NUMBER='1' AIRFLOW_CTX_DAG_RUN_ID='scheduled__2025-06-26T10:00:00+00:00'
[2025-06-27T20:07:26.668+0000] {taskinstance.py:731} INFO - ::endgroup::
[2025-06-27T20:07:26.881+0000] {python.py:240} INFO - Done. Returned value was: None
[2025-06-27T20:07:27.011+0000] {taskinstance.py:340} INFO - ::group::Post task execution logs
[2025-06-27T20:07:27.019+0000] {taskinstance.py:352} INFO - Marking task as SUCCESS. dag_id=lead_data_pipeline, task_id=extract_raw_data, run_id=scheduled__2025-06-26T10:00:00+00:00, execution_date=20250626T100000, start_date=20250627T200722, end_date=20250627T200727
[2025-06-27T20:07:27.296+0000] {local_task_job_runner.py:266} INFO - Task exited with return code 0
[2025-06-27T20:07:27.433+0000] {warnings.py:112} WARNING - /home/***/.local/lib/python3.12/site-packages/***/models/baseoperator.py:1378: AirflowProviderDeprecationWarning: Call to deprecated class PostgresOperator. (Please use `***.providers.common.sql.operators.sql.SQLExecuteQueryOperator`.Also, you can provide `hook_params={'schema': <database>}`.)
  result = cls.__new__(cls)

[2025-06-27T20:07:27.638+0000] {taskinstance.py:3900} INFO - 0 downstream tasks scheduled from follow-on schedule check
[2025-06-27T20:07:27.656+0000] {local_task_job_runner.py:245} INFO - ::endgroup::
