[2025-06-27T21:46:40.092+0000] {local_task_job_runner.py:123} INFO - ::group::Pre task execution logs
[2025-06-27T21:46:40.172+0000] {taskinstance.py:2612} INFO - Dependencies all met for dep_context=non-requeueable deps ti=<TaskInstance: lead_data_pipeline.run_dbt_staging manual__2025-06-27T21:46:11.420711+00:00 [queued]>
[2025-06-27T21:46:40.232+0000] {taskinstance.py:2612} INFO - Dependencies all met for dep_context=requeueable deps ti=<TaskInstance: lead_data_pipeline.run_dbt_staging manual__2025-06-27T21:46:11.420711+00:00 [queued]>
[2025-06-27T21:46:40.233+0000] {taskinstance.py:2865} INFO - Starting attempt 1 of 1
[2025-06-27T21:46:40.326+0000] {taskinstance.py:2888} INFO - Executing <Task(BashOperator): run_dbt_staging> on 2025-06-27 21:46:11.420711+00:00
[2025-06-27T21:46:40.359+0000] {standard_task_runner.py:104} INFO - Running: ['***', 'tasks', 'run', 'lead_data_pipeline', 'run_dbt_staging', 'manual__2025-06-27T21:46:11.420711+00:00', '--job-id', '106', '--raw', '--subdir', 'DAGS_FOLDER/lead_data_pipeline.py', '--cfg-path', '/tmp/tmp3ne0niqu']
[2025-06-27T21:46:40.381+0000] {standard_task_runner.py:105} INFO - Job 106: Subtask run_dbt_staging
[2025-06-27T21:46:40.366+0000] {warnings.py:112} WARNING - /home/***/.local/lib/python3.12/site-packages/***/task/task_runner/standard_task_runner.py:70: DeprecationWarning: This process (pid=1763) is multi-threaded, use of fork() may lead to deadlocks in the child.
  pid = os.fork()

[2025-06-27T21:46:40.387+0000] {standard_task_runner.py:72} INFO - Started process 1765 to run task
[2025-06-27T21:46:40.502+0000] {task_command.py:467} INFO - Running <TaskInstance: lead_data_pipeline.run_dbt_staging manual__2025-06-27T21:46:11.420711+00:00 [running]> on host 07f0cc5d0ca1
[2025-06-27T21:46:40.849+0000] {taskinstance.py:3131} INFO - Exporting env vars: AIRFLOW_CTX_DAG_OWNER='***' AIRFLOW_CTX_DAG_ID='lead_data_pipeline' AIRFLOW_CTX_TASK_ID='run_dbt_staging' AIRFLOW_CTX_EXECUTION_DATE='2025-06-27T21:46:11.420711+00:00' AIRFLOW_CTX_TRY_NUMBER='1' AIRFLOW_CTX_DAG_RUN_ID='manual__2025-06-27T21:46:11.420711+00:00'
[2025-06-27T21:46:40.855+0000] {taskinstance.py:731} INFO - ::endgroup::
[2025-06-27T21:46:40.897+0000] {subprocess.py:63} INFO - Tmp dir root location: /tmp
[2025-06-27T21:46:40.899+0000] {subprocess.py:75} INFO - Running command: ['/usr/bin/bash', '-c', 'set -x; cd /opt/***/dbt && dbt run --select tag:staging']
[2025-06-27T21:46:40.915+0000] {subprocess.py:86} INFO - Output:
[2025-06-27T21:46:40.926+0000] {subprocess.py:93} INFO - + cd /opt/***/dbt
[2025-06-27T21:46:40.930+0000] {subprocess.py:93} INFO - + dbt run --select tag:staging
[2025-06-27T21:46:46.816+0000] {subprocess.py:93} INFO - [0m21:46:46  Running with dbt=1.8.0
[2025-06-27T21:46:47.461+0000] {subprocess.py:93} INFO - [0m21:46:47  Registered adapter: postgres=1.8.2
[2025-06-27T21:46:49.567+0000] {subprocess.py:93} INFO - [0m21:46:49  Found 9 models, 10 sources, 428 macros
[2025-06-27T21:46:49.580+0000] {subprocess.py:93} INFO - [0m21:46:49
[2025-06-27T21:46:50.172+0000] {subprocess.py:93} INFO - [0m21:46:50  Concurrency: 1 threads (target='dev')
[2025-06-27T21:46:50.175+0000] {subprocess.py:93} INFO - [0m21:46:50
[2025-06-27T21:46:50.203+0000] {subprocess.py:93} INFO - [0m21:46:50  1 of 5 START sql table model driven_staging.dim_address ........................ [RUN]
[2025-06-27T21:46:50.420+0000] {subprocess.py:93} INFO - [0m21:46:50  1 of 5 ERROR creating sql table model driven_staging.dim_address ............... [[31mERROR[0m in 0.21s]
[2025-06-27T21:46:50.431+0000] {subprocess.py:93} INFO - [0m21:46:50  2 of 5 START sql table model driven_staging.dim_date ........................... [RUN]
[2025-06-27T21:46:50.552+0000] {subprocess.py:93} INFO - [0m21:46:50  2 of 5 ERROR creating sql table model driven_staging.dim_date .................. [[31mERROR[0m in 0.11s]
[2025-06-27T21:46:50.564+0000] {subprocess.py:93} INFO - [0m21:46:50  3 of 5 START sql table model driven_staging.dim_finance ........................ [RUN]
[2025-06-27T21:46:50.799+0000] {subprocess.py:93} INFO - [0m21:46:50  3 of 5 ERROR creating sql table model driven_staging.dim_finance ............... [[31mERROR[0m in 0.23s]
[2025-06-27T21:46:50.809+0000] {subprocess.py:93} INFO - [0m21:46:50  4 of 5 START sql table model driven_staging.dim_person ......................... [RUN]
[2025-06-27T21:46:50.934+0000] {subprocess.py:93} INFO - [0m21:46:50  4 of 5 ERROR creating sql table model driven_staging.dim_person ................ [[31mERROR[0m in 0.11s]
[2025-06-27T21:46:50.948+0000] {subprocess.py:93} INFO - [0m21:46:50  5 of 5 START sql table model driven_staging.fact_network_usage ................. [RUN]
[2025-06-27T21:46:51.075+0000] {subprocess.py:93} INFO - [0m21:46:51  5 of 5 ERROR creating sql table model driven_staging.fact_network_usage ........ [[31mERROR[0m in 0.12s]
[2025-06-27T21:46:51.122+0000] {subprocess.py:93} INFO - [0m21:46:51
[2025-06-27T21:46:51.124+0000] {subprocess.py:93} INFO - [0m21:46:51  Finished running 5 table models in 0 hours 0 minutes and 1.54 seconds (1.54s).
[2025-06-27T21:46:51.273+0000] {subprocess.py:93} INFO - [0m21:46:51
[2025-06-27T21:46:51.275+0000] {subprocess.py:93} INFO - [0m21:46:51  [31mCompleted with 5 errors and 0 warnings:[0m
[2025-06-27T21:46:51.277+0000] {subprocess.py:93} INFO - [0m21:46:51
[2025-06-27T21:46:51.280+0000] {subprocess.py:93} INFO - [0m21:46:51    Database Error in model staging_dim_address (models/staging_dim_address.sql)
[2025-06-27T21:46:51.282+0000] {subprocess.py:93} INFO -   relation "driven_raw.raw_batch_data" does not exist
[2025-06-27T21:46:51.283+0000] {subprocess.py:93} INFO -   LINE 21:         "***"."driven_raw"."raw_batch_data"
[2025-06-27T21:46:51.284+0000] {subprocess.py:93} INFO -                    ^
[2025-06-27T21:46:51.285+0000] {subprocess.py:93} INFO -   compiled code at target/run/dbt_driven_data/models/staging_dim_address.sql
[2025-06-27T21:46:51.287+0000] {subprocess.py:93} INFO - [0m21:46:51
[2025-06-27T21:46:51.288+0000] {subprocess.py:93} INFO - [0m21:46:51    Database Error in model staging_dim_date (models/staging_dim_date.sql)
[2025-06-27T21:46:51.289+0000] {subprocess.py:93} INFO -   relation "driven_raw.raw_batch_data" does not exist
[2025-06-27T21:46:51.291+0000] {subprocess.py:93} INFO -   LINE 19:         "***"."driven_raw"."raw_batch_data"
[2025-06-27T21:46:51.292+0000] {subprocess.py:93} INFO -                    ^
[2025-06-27T21:46:51.292+0000] {subprocess.py:93} INFO -   compiled code at target/run/dbt_driven_data/models/staging_dim_date.sql
[2025-06-27T21:46:51.293+0000] {subprocess.py:93} INFO - [0m21:46:51
[2025-06-27T21:46:51.295+0000] {subprocess.py:93} INFO - [0m21:46:51    Database Error in model staging_dim_finance (models/staging_dim_finance.sql)
[2025-06-27T21:46:51.296+0000] {subprocess.py:93} INFO -   relation "driven_raw.raw_batch_data" does not exist
[2025-06-27T21:46:51.297+0000] {subprocess.py:93} INFO -   LINE 19:         "***"."driven_raw"."raw_batch_data"
[2025-06-27T21:46:51.298+0000] {subprocess.py:93} INFO -                    ^
[2025-06-27T21:46:51.299+0000] {subprocess.py:93} INFO -   compiled code at target/run/dbt_driven_data/models/staging_dim_finance.sql
[2025-06-27T21:46:51.300+0000] {subprocess.py:93} INFO - [0m21:46:51
[2025-06-27T21:46:51.301+0000] {subprocess.py:93} INFO - [0m21:46:51    Database Error in model staging_dim_person (models/staging_dim_person.sql)
[2025-06-27T21:46:51.302+0000] {subprocess.py:93} INFO -   relation "driven_raw.raw_batch_data" does not exist
[2025-06-27T21:46:51.303+0000] {subprocess.py:93} INFO -   LINE 24:         "***"."driven_raw"."raw_batch_data"
[2025-06-27T21:46:51.305+0000] {subprocess.py:93} INFO -                    ^
[2025-06-27T21:46:51.306+0000] {subprocess.py:93} INFO -   compiled code at target/run/dbt_driven_data/models/staging_dim_person.sql
[2025-06-27T21:46:51.307+0000] {subprocess.py:93} INFO - [0m21:46:51
[2025-06-27T21:46:51.308+0000] {subprocess.py:93} INFO - [0m21:46:51    Database Error in model staging_fact_network_usage (models/staging_fact_network_usage.sql)
[2025-06-27T21:46:51.309+0000] {subprocess.py:93} INFO -   relation "driven_raw.raw_batch_data" does not exist
[2025-06-27T21:46:51.310+0000] {subprocess.py:93} INFO -   LINE 22:         "***"."driven_raw"."raw_batch_data"
[2025-06-27T21:46:51.311+0000] {subprocess.py:93} INFO -                    ^
[2025-06-27T21:46:51.312+0000] {subprocess.py:93} INFO -   compiled code at target/run/dbt_driven_data/models/staging_fact_network_usage.sql
[2025-06-27T21:46:51.313+0000] {subprocess.py:93} INFO - [0m21:46:51
[2025-06-27T21:46:51.314+0000] {subprocess.py:93} INFO - [0m21:46:51  Done. PASS=0 WARN=0 ERROR=5 SKIP=0 TOTAL=5
[2025-06-27T21:46:53.548+0000] {subprocess.py:97} INFO - Command exited with return code 1
[2025-06-27T21:46:53.583+0000] {taskinstance.py:3310} ERROR - Task failed with exception
Traceback (most recent call last):
  File "/home/airflow/.local/lib/python3.12/site-packages/airflow/models/taskinstance.py", line 767, in _execute_task
    result = _execute_callable(context=context, **execute_callable_kwargs)
             ^^^^^^^^^^^^^^^^^^^^^^^^^^^^^^^^^^^^^^^^^^^^^^^^^^^^^^^^^^^^^
  File "/home/airflow/.local/lib/python3.12/site-packages/airflow/models/taskinstance.py", line 733, in _execute_callable
    return ExecutionCallableRunner(
           ^^^^^^^^^^^^^^^^^^^^^^^^
  File "/home/airflow/.local/lib/python3.12/site-packages/airflow/utils/operator_helpers.py", line 252, in run
    return self.func(*args, **kwargs)
           ^^^^^^^^^^^^^^^^^^^^^^^^^^
  File "/home/airflow/.local/lib/python3.12/site-packages/airflow/models/baseoperator.py", line 406, in wrapper
    return func(self, *args, **kwargs)
           ^^^^^^^^^^^^^^^^^^^^^^^^^^^
  File "/home/airflow/.local/lib/python3.12/site-packages/airflow/operators/bash.py", line 249, in execute
    raise AirflowException(
airflow.exceptions.AirflowException: Bash command failed. The command returned a non-zero exit code 1.
[2025-06-27T21:46:53.596+0000] {taskinstance.py:1225} INFO - Marking task as FAILED. dag_id=lead_data_pipeline, task_id=run_dbt_staging, run_id=manual__2025-06-27T21:46:11.420711+00:00, execution_date=20250627T214611, start_date=20250627T214640, end_date=20250627T214653
[2025-06-27T21:46:53.650+0000] {taskinstance.py:340} INFO - ::group::Post task execution logs
[2025-06-27T21:46:53.652+0000] {standard_task_runner.py:124} ERROR - Failed to execute job 106 for task run_dbt_staging (Bash command failed. The command returned a non-zero exit code 1.; 1765)
Traceback (most recent call last):
  File "/home/airflow/.local/lib/python3.12/site-packages/airflow/task/task_runner/standard_task_runner.py", line 117, in _start_by_fork
    ret = args.func(args, dag=self.dag)
          ^^^^^^^^^^^^^^^^^^^^^^^^^^^^^
  File "/home/airflow/.local/lib/python3.12/site-packages/airflow/cli/cli_config.py", line 49, in command
    return func(*args, **kwargs)
           ^^^^^^^^^^^^^^^^^^^^^
  File "/home/airflow/.local/lib/python3.12/site-packages/airflow/utils/cli.py", line 115, in wrapper
    return f(*args, **kwargs)
           ^^^^^^^^^^^^^^^^^^
  File "/home/airflow/.local/lib/python3.12/site-packages/airflow/cli/commands/task_command.py", line 483, in task_run
    task_return_code = _run_task_by_selected_method(args, _dag, ti)
                       ^^^^^^^^^^^^^^^^^^^^^^^^^^^^^^^^^^^^^^^^^^^^
  File "/home/airflow/.local/lib/python3.12/site-packages/airflow/cli/commands/task_command.py", line 256, in _run_task_by_selected_method
    return _run_raw_task(args, ti)
           ^^^^^^^^^^^^^^^^^^^^^^^
  File "/home/airflow/.local/lib/python3.12/site-packages/airflow/cli/commands/task_command.py", line 341, in _run_raw_task
    return ti._run_raw_task(
           ^^^^^^^^^^^^^^^^^
  File "/home/airflow/.local/lib/python3.12/site-packages/airflow/utils/session.py", line 97, in wrapper
    return func(*args, session=session, **kwargs)
           ^^^^^^^^^^^^^^^^^^^^^^^^^^^^^^^^^^^^^^
  File "/home/airflow/.local/lib/python3.12/site-packages/airflow/models/taskinstance.py", line 3004, in _run_raw_task
    return _run_raw_task(
           ^^^^^^^^^^^^^^
  File "/home/airflow/.local/lib/python3.12/site-packages/airflow/models/taskinstance.py", line 273, in _run_raw_task
    TaskInstance._execute_task_with_callbacks(
  File "/home/airflow/.local/lib/python3.12/site-packages/airflow/models/taskinstance.py", line 3158, in _execute_task_with_callbacks
    result = self._execute_task(context, task_orig)
             ^^^^^^^^^^^^^^^^^^^^^^^^^^^^^^^^^^^^^^
  File "/home/airflow/.local/lib/python3.12/site-packages/airflow/models/taskinstance.py", line 3182, in _execute_task
    return _execute_task(self, context, task_orig)
           ^^^^^^^^^^^^^^^^^^^^^^^^^^^^^^^^^^^^^^^
  File "/home/airflow/.local/lib/python3.12/site-packages/airflow/models/taskinstance.py", line 767, in _execute_task
    result = _execute_callable(context=context, **execute_callable_kwargs)
             ^^^^^^^^^^^^^^^^^^^^^^^^^^^^^^^^^^^^^^^^^^^^^^^^^^^^^^^^^^^^^
  File "/home/airflow/.local/lib/python3.12/site-packages/airflow/models/taskinstance.py", line 733, in _execute_callable
    return ExecutionCallableRunner(
           ^^^^^^^^^^^^^^^^^^^^^^^^
  File "/home/airflow/.local/lib/python3.12/site-packages/airflow/utils/operator_helpers.py", line 252, in run
    return self.func(*args, **kwargs)
           ^^^^^^^^^^^^^^^^^^^^^^^^^^
  File "/home/airflow/.local/lib/python3.12/site-packages/airflow/models/baseoperator.py", line 406, in wrapper
    return func(self, *args, **kwargs)
           ^^^^^^^^^^^^^^^^^^^^^^^^^^^
  File "/home/airflow/.local/lib/python3.12/site-packages/airflow/operators/bash.py", line 249, in execute
    raise AirflowException(
airflow.exceptions.AirflowException: Bash command failed. The command returned a non-zero exit code 1.
[2025-06-27T21:46:53.699+0000] {local_task_job_runner.py:266} INFO - Task exited with return code 1
[2025-06-27T21:46:53.758+0000] {taskinstance.py:3900} INFO - 0 downstream tasks scheduled from follow-on schedule check
[2025-06-27T21:46:53.767+0000] {local_task_job_runner.py:245} INFO - ::endgroup::
