[2025-06-27T21:36:44.058+0000] {local_task_job_runner.py:123} INFO - ::group::Pre task execution logs
[2025-06-27T21:36:44.112+0000] {taskinstance.py:2612} INFO - Dependencies all met for dep_context=non-requeueable deps ti=<TaskInstance: lead_data_pipeline.run_dbt_staging manual__2025-06-27T21:36:20.256007+00:00 [queued]>
[2025-06-27T21:36:44.152+0000] {taskinstance.py:2612} INFO - Dependencies all met for dep_context=requeueable deps ti=<TaskInstance: lead_data_pipeline.run_dbt_staging manual__2025-06-27T21:36:20.256007+00:00 [queued]>
[2025-06-27T21:36:44.153+0000] {taskinstance.py:2865} INFO - Starting attempt 1 of 1
[2025-06-27T21:36:44.191+0000] {taskinstance.py:2888} INFO - Executing <Task(BashOperator): run_dbt_staging> on 2025-06-27 21:36:20.256007+00:00
[2025-06-27T21:36:44.200+0000] {warnings.py:112} WARNING - /home/***/.local/lib/python3.12/site-packages/***/task/task_runner/standard_task_runner.py:70: DeprecationWarning: This process (pid=1575) is multi-threaded, use of fork() may lead to deadlocks in the child.
  pid = os.fork()

[2025-06-27T21:36:44.204+0000] {standard_task_runner.py:72} INFO - Started process 1577 to run task
[2025-06-27T21:36:44.206+0000] {standard_task_runner.py:104} INFO - Running: ['***', 'tasks', 'run', 'lead_data_pipeline', 'run_dbt_staging', 'manual__2025-06-27T21:36:20.256007+00:00', '--job-id', '95', '--raw', '--subdir', 'DAGS_FOLDER/lead_data_pipeline.py', '--cfg-path', '/tmp/tmpge21eb08']
[2025-06-27T21:36:44.209+0000] {standard_task_runner.py:105} INFO - Job 95: Subtask run_dbt_staging
[2025-06-27T21:36:44.314+0000] {task_command.py:467} INFO - Running <TaskInstance: lead_data_pipeline.run_dbt_staging manual__2025-06-27T21:36:20.256007+00:00 [running]> on host 07f0cc5d0ca1
[2025-06-27T21:36:44.501+0000] {taskinstance.py:3131} INFO - Exporting env vars: AIRFLOW_CTX_DAG_OWNER='***' AIRFLOW_CTX_DAG_ID='lead_data_pipeline' AIRFLOW_CTX_TASK_ID='run_dbt_staging' AIRFLOW_CTX_EXECUTION_DATE='2025-06-27T21:36:20.256007+00:00' AIRFLOW_CTX_TRY_NUMBER='1' AIRFLOW_CTX_DAG_RUN_ID='manual__2025-06-27T21:36:20.256007+00:00'
[2025-06-27T21:36:44.505+0000] {taskinstance.py:731} INFO - ::endgroup::
[2025-06-27T21:36:44.542+0000] {subprocess.py:63} INFO - Tmp dir root location: /tmp
[2025-06-27T21:36:44.549+0000] {subprocess.py:75} INFO - Running command: ['/usr/bin/bash', '-c', 'set -x; cd /opt/***/dbt && dbt run --select tag:staging']
[2025-06-27T21:36:44.565+0000] {subprocess.py:86} INFO - Output:
[2025-06-27T21:36:44.573+0000] {subprocess.py:93} INFO - + cd /opt/***/dbt
[2025-06-27T21:36:44.577+0000] {subprocess.py:93} INFO - + dbt run --select tag:staging
[2025-06-27T21:36:51.368+0000] {subprocess.py:93} INFO - [0m21:36:51  Running with dbt=1.8.0
[2025-06-27T21:36:52.518+0000] {subprocess.py:93} INFO - [0m21:36:52  Registered adapter: postgres=1.8.2
[2025-06-27T21:36:54.036+0000] {subprocess.py:93} INFO - [0m21:36:54  Found 9 models, 10 sources, 428 macros
[2025-06-27T21:36:54.046+0000] {subprocess.py:93} INFO - [0m21:36:54
[2025-06-27T21:36:54.608+0000] {subprocess.py:93} INFO - [0m21:36:54  Concurrency: 1 threads (target='dev')
[2025-06-27T21:36:54.613+0000] {subprocess.py:93} INFO - [0m21:36:54
[2025-06-27T21:36:54.645+0000] {subprocess.py:93} INFO - [0m21:36:54  1 of 5 START sql table model driven_staging.dim_address ........................ [RUN]
[2025-06-27T21:36:54.954+0000] {subprocess.py:93} INFO - [0m21:36:54  1 of 5 ERROR creating sql table model driven_staging.dim_address ............... [[31mERROR[0m in 0.29s]
[2025-06-27T21:36:54.973+0000] {subprocess.py:93} INFO - [0m21:36:54  2 of 5 START sql table model driven_staging.dim_date ........................... [RUN]
[2025-06-27T21:36:55.093+0000] {subprocess.py:93} INFO - [0m21:36:55  2 of 5 ERROR creating sql table model driven_staging.dim_date .................. [[31mERROR[0m in 0.11s]
[2025-06-27T21:36:55.103+0000] {subprocess.py:93} INFO - [0m21:36:55  3 of 5 START sql table model driven_staging.dim_finance ........................ [RUN]
[2025-06-27T21:36:55.285+0000] {subprocess.py:93} INFO - [0m21:36:55  3 of 5 ERROR creating sql table model driven_staging.dim_finance ............... [[31mERROR[0m in 0.13s]
[2025-06-27T21:36:55.295+0000] {subprocess.py:93} INFO - [0m21:36:55  4 of 5 START sql table model driven_staging.dim_person ......................... [RUN]
[2025-06-27T21:36:55.498+0000] {subprocess.py:93} INFO - [0m21:36:55  4 of 5 ERROR creating sql table model driven_staging.dim_person ................ [[31mERROR[0m in 0.19s]
[2025-06-27T21:36:55.505+0000] {subprocess.py:93} INFO - [0m21:36:55  5 of 5 START sql table model driven_staging.fact_network_usage ................. [RUN]
[2025-06-27T21:36:55.669+0000] {subprocess.py:93} INFO - [0m21:36:55  5 of 5 ERROR creating sql table model driven_staging.fact_network_usage ........ [[31mERROR[0m in 0.15s]
[2025-06-27T21:36:55.731+0000] {subprocess.py:93} INFO - [0m21:36:55
[2025-06-27T21:36:55.735+0000] {subprocess.py:93} INFO - [0m21:36:55  Finished running 5 table models in 0 hours 0 minutes and 1.68 seconds (1.68s).
[2025-06-27T21:36:55.924+0000] {subprocess.py:93} INFO - [0m21:36:55
[2025-06-27T21:36:55.927+0000] {subprocess.py:93} INFO - [0m21:36:55  [31mCompleted with 5 errors and 0 warnings:[0m
[2025-06-27T21:36:55.929+0000] {subprocess.py:93} INFO - [0m21:36:55
[2025-06-27T21:36:55.931+0000] {subprocess.py:93} INFO - [0m21:36:55    Database Error in model staging_dim_address (models/staging_dim_address.sql)
[2025-06-27T21:36:55.934+0000] {subprocess.py:93} INFO -   relation "driven_raw.raw_batch_data" does not exist
[2025-06-27T21:36:55.935+0000] {subprocess.py:93} INFO -   LINE 21:         "***"."driven_raw"."raw_batch_data"
[2025-06-27T21:36:55.937+0000] {subprocess.py:93} INFO -                    ^
[2025-06-27T21:36:55.938+0000] {subprocess.py:93} INFO -   compiled code at target/run/dbt_driven_data/models/staging_dim_address.sql
[2025-06-27T21:36:55.940+0000] {subprocess.py:93} INFO - [0m21:36:55
[2025-06-27T21:36:55.942+0000] {subprocess.py:93} INFO - [0m21:36:55    Database Error in model staging_dim_date (models/staging_dim_date.sql)
[2025-06-27T21:36:55.943+0000] {subprocess.py:93} INFO -   relation "driven_raw.raw_batch_data" does not exist
[2025-06-27T21:36:55.944+0000] {subprocess.py:93} INFO -   LINE 19:         "***"."driven_raw"."raw_batch_data"
[2025-06-27T21:36:55.944+0000] {subprocess.py:93} INFO -                    ^
[2025-06-27T21:36:55.945+0000] {subprocess.py:93} INFO -   compiled code at target/run/dbt_driven_data/models/staging_dim_date.sql
[2025-06-27T21:36:55.946+0000] {subprocess.py:93} INFO - [0m21:36:55
[2025-06-27T21:36:55.947+0000] {subprocess.py:93} INFO - [0m21:36:55    Database Error in model staging_dim_finance (models/staging_dim_finance.sql)
[2025-06-27T21:36:55.949+0000] {subprocess.py:93} INFO -   relation "driven_raw.raw_batch_data" does not exist
[2025-06-27T21:36:55.951+0000] {subprocess.py:93} INFO -   LINE 19:         "***"."driven_raw"."raw_batch_data"
[2025-06-27T21:36:55.953+0000] {subprocess.py:93} INFO -                    ^
[2025-06-27T21:36:55.954+0000] {subprocess.py:93} INFO -   compiled code at target/run/dbt_driven_data/models/staging_dim_finance.sql
[2025-06-27T21:36:55.955+0000] {subprocess.py:93} INFO - [0m21:36:55
[2025-06-27T21:36:55.956+0000] {subprocess.py:93} INFO - [0m21:36:55    Database Error in model staging_dim_person (models/staging_dim_person.sql)
[2025-06-27T21:36:55.958+0000] {subprocess.py:93} INFO -   relation "driven_raw.raw_batch_data" does not exist
[2025-06-27T21:36:55.960+0000] {subprocess.py:93} INFO -   LINE 24:         "***"."driven_raw"."raw_batch_data"
[2025-06-27T21:36:55.961+0000] {subprocess.py:93} INFO -                    ^
[2025-06-27T21:36:55.962+0000] {subprocess.py:93} INFO -   compiled code at target/run/dbt_driven_data/models/staging_dim_person.sql
[2025-06-27T21:36:55.963+0000] {subprocess.py:93} INFO - [0m21:36:55
[2025-06-27T21:36:55.964+0000] {subprocess.py:93} INFO - [0m21:36:55    Database Error in model staging_fact_network_usage (models/staging_fact_network_usage.sql)
[2025-06-27T21:36:55.966+0000] {subprocess.py:93} INFO -   relation "driven_raw.raw_batch_data" does not exist
[2025-06-27T21:36:55.968+0000] {subprocess.py:93} INFO -   LINE 22:         "***"."driven_raw"."raw_batch_data"
[2025-06-27T21:36:55.970+0000] {subprocess.py:93} INFO -                    ^
[2025-06-27T21:36:55.971+0000] {subprocess.py:93} INFO -   compiled code at target/run/dbt_driven_data/models/staging_fact_network_usage.sql
[2025-06-27T21:36:55.971+0000] {subprocess.py:93} INFO - [0m21:36:55
[2025-06-27T21:36:55.972+0000] {subprocess.py:93} INFO - [0m21:36:55  Done. PASS=0 WARN=0 ERROR=5 SKIP=0 TOTAL=5
[2025-06-27T21:36:57.489+0000] {subprocess.py:97} INFO - Command exited with return code 1
[2025-06-27T21:36:57.537+0000] {taskinstance.py:3310} ERROR - Task failed with exception
Traceback (most recent call last):
  File "/home/airflow/.local/lib/python3.12/site-packages/airflow/models/taskinstance.py", line 767, in _execute_task
    result = _execute_callable(context=context, **execute_callable_kwargs)
             ^^^^^^^^^^^^^^^^^^^^^^^^^^^^^^^^^^^^^^^^^^^^^^^^^^^^^^^^^^^^^
  File "/home/airflow/.local/lib/python3.12/site-packages/airflow/models/taskinstance.py", line 733, in _execute_callable
    return ExecutionCallableRunner(
           ^^^^^^^^^^^^^^^^^^^^^^^^
  File "/home/airflow/.local/lib/python3.12/site-packages/airflow/utils/operator_helpers.py", line 252, in run
    return self.func(*args, **kwargs)
           ^^^^^^^^^^^^^^^^^^^^^^^^^^
  File "/home/airflow/.local/lib/python3.12/site-packages/airflow/models/baseoperator.py", line 406, in wrapper
    return func(self, *args, **kwargs)
           ^^^^^^^^^^^^^^^^^^^^^^^^^^^
  File "/home/airflow/.local/lib/python3.12/site-packages/airflow/operators/bash.py", line 249, in execute
    raise AirflowException(
airflow.exceptions.AirflowException: Bash command failed. The command returned a non-zero exit code 1.
[2025-06-27T21:36:57.560+0000] {taskinstance.py:1225} INFO - Marking task as FAILED. dag_id=lead_data_pipeline, task_id=run_dbt_staging, run_id=manual__2025-06-27T21:36:20.256007+00:00, execution_date=20250627T213620, start_date=20250627T213644, end_date=20250627T213657
[2025-06-27T21:36:57.647+0000] {taskinstance.py:340} INFO - ::group::Post task execution logs
[2025-06-27T21:36:57.650+0000] {standard_task_runner.py:124} ERROR - Failed to execute job 95 for task run_dbt_staging (Bash command failed. The command returned a non-zero exit code 1.; 1577)
Traceback (most recent call last):
  File "/home/airflow/.local/lib/python3.12/site-packages/airflow/task/task_runner/standard_task_runner.py", line 117, in _start_by_fork
    ret = args.func(args, dag=self.dag)
          ^^^^^^^^^^^^^^^^^^^^^^^^^^^^^
  File "/home/airflow/.local/lib/python3.12/site-packages/airflow/cli/cli_config.py", line 49, in command
    return func(*args, **kwargs)
           ^^^^^^^^^^^^^^^^^^^^^
  File "/home/airflow/.local/lib/python3.12/site-packages/airflow/utils/cli.py", line 115, in wrapper
    return f(*args, **kwargs)
           ^^^^^^^^^^^^^^^^^^
  File "/home/airflow/.local/lib/python3.12/site-packages/airflow/cli/commands/task_command.py", line 483, in task_run
    task_return_code = _run_task_by_selected_method(args, _dag, ti)
                       ^^^^^^^^^^^^^^^^^^^^^^^^^^^^^^^^^^^^^^^^^^^^
  File "/home/airflow/.local/lib/python3.12/site-packages/airflow/cli/commands/task_command.py", line 256, in _run_task_by_selected_method
    return _run_raw_task(args, ti)
           ^^^^^^^^^^^^^^^^^^^^^^^
  File "/home/airflow/.local/lib/python3.12/site-packages/airflow/cli/commands/task_command.py", line 341, in _run_raw_task
    return ti._run_raw_task(
           ^^^^^^^^^^^^^^^^^
  File "/home/airflow/.local/lib/python3.12/site-packages/airflow/utils/session.py", line 97, in wrapper
    return func(*args, session=session, **kwargs)
           ^^^^^^^^^^^^^^^^^^^^^^^^^^^^^^^^^^^^^^
  File "/home/airflow/.local/lib/python3.12/site-packages/airflow/models/taskinstance.py", line 3004, in _run_raw_task
    return _run_raw_task(
           ^^^^^^^^^^^^^^
  File "/home/airflow/.local/lib/python3.12/site-packages/airflow/models/taskinstance.py", line 273, in _run_raw_task
    TaskInstance._execute_task_with_callbacks(
  File "/home/airflow/.local/lib/python3.12/site-packages/airflow/models/taskinstance.py", line 3158, in _execute_task_with_callbacks
    result = self._execute_task(context, task_orig)
             ^^^^^^^^^^^^^^^^^^^^^^^^^^^^^^^^^^^^^^
  File "/home/airflow/.local/lib/python3.12/site-packages/airflow/models/taskinstance.py", line 3182, in _execute_task
    return _execute_task(self, context, task_orig)
           ^^^^^^^^^^^^^^^^^^^^^^^^^^^^^^^^^^^^^^^
  File "/home/airflow/.local/lib/python3.12/site-packages/airflow/models/taskinstance.py", line 767, in _execute_task
    result = _execute_callable(context=context, **execute_callable_kwargs)
             ^^^^^^^^^^^^^^^^^^^^^^^^^^^^^^^^^^^^^^^^^^^^^^^^^^^^^^^^^^^^^
  File "/home/airflow/.local/lib/python3.12/site-packages/airflow/models/taskinstance.py", line 733, in _execute_callable
    return ExecutionCallableRunner(
           ^^^^^^^^^^^^^^^^^^^^^^^^
  File "/home/airflow/.local/lib/python3.12/site-packages/airflow/utils/operator_helpers.py", line 252, in run
    return self.func(*args, **kwargs)
           ^^^^^^^^^^^^^^^^^^^^^^^^^^
  File "/home/airflow/.local/lib/python3.12/site-packages/airflow/models/baseoperator.py", line 406, in wrapper
    return func(self, *args, **kwargs)
           ^^^^^^^^^^^^^^^^^^^^^^^^^^^
  File "/home/airflow/.local/lib/python3.12/site-packages/airflow/operators/bash.py", line 249, in execute
    raise AirflowException(
airflow.exceptions.AirflowException: Bash command failed. The command returned a non-zero exit code 1.
[2025-06-27T21:36:57.704+0000] {local_task_job_runner.py:266} INFO - Task exited with return code 1
[2025-06-27T21:36:57.807+0000] {taskinstance.py:3900} INFO - 0 downstream tasks scheduled from follow-on schedule check
[2025-06-27T21:36:57.821+0000] {local_task_job_runner.py:245} INFO - ::endgroup::
