[2025-06-27T21:42:47.861+0000] {local_task_job_runner.py:123} INFO - ::group::Pre task execution logs
[2025-06-27T21:42:47.896+0000] {taskinstance.py:2612} INFO - Dependencies all met for dep_context=non-requeueable deps ti=<TaskInstance: lead_data_pipeline.run_dbt_staging manual__2025-06-27T21:42:30.543146+00:00 [queued]>
[2025-06-27T21:42:47.913+0000] {taskinstance.py:2612} INFO - Dependencies all met for dep_context=requeueable deps ti=<TaskInstance: lead_data_pipeline.run_dbt_staging manual__2025-06-27T21:42:30.543146+00:00 [queued]>
[2025-06-27T21:42:47.914+0000] {taskinstance.py:2865} INFO - Starting attempt 1 of 1
[2025-06-27T21:42:47.944+0000] {taskinstance.py:2888} INFO - Executing <Task(BashOperator): run_dbt_staging> on 2025-06-27 21:42:30.543146+00:00
[2025-06-27T21:42:47.956+0000] {warnings.py:112} WARNING - /home/***/.local/lib/python3.12/site-packages/***/task/task_runner/standard_task_runner.py:70: DeprecationWarning: This process (pid=1670) is multi-threaded, use of fork() may lead to deadlocks in the child.
  pid = os.fork()

[2025-06-27T21:42:47.960+0000] {standard_task_runner.py:72} INFO - Started process 1672 to run task
[2025-06-27T21:42:47.961+0000] {standard_task_runner.py:104} INFO - Running: ['***', 'tasks', 'run', 'lead_data_pipeline', 'run_dbt_staging', 'manual__2025-06-27T21:42:30.543146+00:00', '--job-id', '100', '--raw', '--subdir', 'DAGS_FOLDER/lead_data_pipeline.py', '--cfg-path', '/tmp/tmpxdh4claj']
[2025-06-27T21:42:47.965+0000] {standard_task_runner.py:105} INFO - Job 100: Subtask run_dbt_staging
[2025-06-27T21:42:48.059+0000] {task_command.py:467} INFO - Running <TaskInstance: lead_data_pipeline.run_dbt_staging manual__2025-06-27T21:42:30.543146+00:00 [running]> on host 07f0cc5d0ca1
[2025-06-27T21:42:48.233+0000] {taskinstance.py:3131} INFO - Exporting env vars: AIRFLOW_CTX_DAG_OWNER='***' AIRFLOW_CTX_DAG_ID='lead_data_pipeline' AIRFLOW_CTX_TASK_ID='run_dbt_staging' AIRFLOW_CTX_EXECUTION_DATE='2025-06-27T21:42:30.543146+00:00' AIRFLOW_CTX_TRY_NUMBER='1' AIRFLOW_CTX_DAG_RUN_ID='manual__2025-06-27T21:42:30.543146+00:00'
[2025-06-27T21:42:48.235+0000] {taskinstance.py:731} INFO - ::endgroup::
[2025-06-27T21:42:48.262+0000] {subprocess.py:63} INFO - Tmp dir root location: /tmp
[2025-06-27T21:42:48.267+0000] {subprocess.py:75} INFO - Running command: ['/usr/bin/bash', '-c', 'set -x; cd /opt/***/dbt && dbt run --select tag:staging']
[2025-06-27T21:42:48.286+0000] {subprocess.py:86} INFO - Output:
[2025-06-27T21:42:48.292+0000] {subprocess.py:93} INFO - + cd /opt/***/dbt
[2025-06-27T21:42:48.295+0000] {subprocess.py:93} INFO - + dbt run --select tag:staging
[2025-06-27T21:42:57.753+0000] {subprocess.py:93} INFO - [0m21:42:57  Running with dbt=1.8.0
[2025-06-27T21:42:59.760+0000] {subprocess.py:93} INFO - [0m21:42:59  Registered adapter: postgres=1.8.2
[2025-06-27T21:43:04.787+0000] {subprocess.py:93} INFO - [0m21:43:04  Found 9 models, 10 sources, 428 macros
[2025-06-27T21:43:04.805+0000] {subprocess.py:93} INFO - [0m21:43:04
[2025-06-27T21:43:05.757+0000] {subprocess.py:93} INFO - [0m21:43:05  Concurrency: 1 threads (target='dev')
[2025-06-27T21:43:05.758+0000] {subprocess.py:93} INFO - [0m21:43:05
[2025-06-27T21:43:05.914+0000] {subprocess.py:93} INFO - [0m21:43:05  1 of 5 START sql table model driven_staging.dim_address ........................ [RUN]
[2025-06-27T21:43:06.877+0000] {subprocess.py:93} INFO - [0m21:43:06  1 of 5 OK created sql table model driven_staging.dim_address ................... [[32mSELECT 1000[0m in 0.95s]
[2025-06-27T21:43:06.886+0000] {subprocess.py:93} INFO - [0m21:43:06  2 of 5 START sql table model driven_staging.dim_date ........................... [RUN]
[2025-06-27T21:43:07.024+0000] {subprocess.py:93} INFO - [0m21:43:07  2 of 5 OK created sql table model driven_staging.dim_date ...................... [[32mSELECT 1000[0m in 0.13s]
[2025-06-27T21:43:07.033+0000] {subprocess.py:93} INFO - [0m21:43:07  3 of 5 START sql table model driven_staging.dim_finance ........................ [RUN]
[2025-06-27T21:43:07.238+0000] {subprocess.py:93} INFO - [0m21:43:07  3 of 5 OK created sql table model driven_staging.dim_finance ................... [[32mSELECT 1000[0m in 0.19s]
[2025-06-27T21:43:07.248+0000] {subprocess.py:93} INFO - [0m21:43:07  4 of 5 START sql table model driven_staging.dim_person ......................... [RUN]
[2025-06-27T21:43:07.453+0000] {subprocess.py:93} INFO - [0m21:43:07  4 of 5 OK created sql table model driven_staging.dim_person .................... [[32mSELECT 1000[0m in 0.20s]
[2025-06-27T21:43:07.479+0000] {subprocess.py:93} INFO - [0m21:43:07  5 of 5 START sql table model driven_staging.fact_network_usage ................. [RUN]
[2025-06-27T21:43:07.688+0000] {subprocess.py:93} INFO - [0m21:43:07  5 of 5 OK created sql table model driven_staging.fact_network_usage ............ [[32mSELECT 1000[0m in 0.20s]
[2025-06-27T21:43:07.750+0000] {subprocess.py:93} INFO - [0m21:43:07
[2025-06-27T21:43:07.752+0000] {subprocess.py:93} INFO - [0m21:43:07  Finished running 5 table models in 0 hours 0 minutes and 2.94 seconds (2.94s).
[2025-06-27T21:43:07.984+0000] {subprocess.py:93} INFO - [0m21:43:07
[2025-06-27T21:43:07.987+0000] {subprocess.py:93} INFO - [0m21:43:07  [32mCompleted successfully[0m
[2025-06-27T21:43:07.990+0000] {subprocess.py:93} INFO - [0m21:43:07
[2025-06-27T21:43:07.993+0000] {subprocess.py:93} INFO - [0m21:43:07  Done. PASS=5 WARN=0 ERROR=0 SKIP=0 TOTAL=5
[2025-06-27T21:43:09.913+0000] {subprocess.py:97} INFO - Command exited with return code 0
[2025-06-27T21:43:10.018+0000] {taskinstance.py:340} INFO - ::group::Post task execution logs
[2025-06-27T21:43:10.020+0000] {taskinstance.py:352} INFO - Marking task as SUCCESS. dag_id=lead_data_pipeline, task_id=run_dbt_staging, run_id=manual__2025-06-27T21:42:30.543146+00:00, execution_date=20250627T214230, start_date=20250627T214247, end_date=20250627T214310
[2025-06-27T21:43:10.084+0000] {local_task_job_runner.py:266} INFO - Task exited with return code 0
[2025-06-27T21:43:10.145+0000] {taskinstance.py:3900} INFO - 1 downstream tasks scheduled from follow-on schedule check
[2025-06-27T21:43:10.148+0000] {local_task_job_runner.py:245} INFO - ::endgroup::
